Microchip MPLAB XC8 Compiler V2.05 ()

Linker command line:

-W-3 --edf=C:\Program Files (x86)\Microchip\xc8\v2.05\pic\dat\en_msgs.txt \
  -cs -h+dist/default/debug\LeafSensMotes.X.debug.sym \
  --cmf=dist/default/debug\LeafSensMotes.X.debug.cmf -z -Q18LF46K22 \
  -oC:\Users\antop\AppData\Local\Temp\sgeo.2 --defsym=__MPLAB_BUILD=1 \
  -Mdist/default/debug/LeafSensMotes.X.debug.map -E1 -ver=XC8 --acfsm=1493 \
  -ASTACK=08D6h-0F37h -pstack=STACK -ACODE=00h-0FFFFh -ACONST=00h-0FFFFh \
  -ASMALLCONST=01000h-010FFhx240 -AMEDIUMCONST=01000h-0FFFFh \
  -ACOMRAM=01h-05Fh -AABS1=00h-0F37h -ABIGRAM=01h-0F37h \
  -ARAM=060h-0FFh,0100h-01FFhx14,0F00h-0F37h -ABANK0=060h-0FFh \
  -ABANK1=0100h-01FFh -ABANK2=0200h-02FFh -ABANK3=0300h-03FFh \
  -ABANK4=0400h-04FFh -ABANK5=0500h-05FFh -ABANK6=0600h-06FFh \
  -ABANK7=0700h-07FFh -ABANK8=0800h-08FFh -ABANK9=0900h-09FFh \
  -ABANK10=0A00h-0AFFh -ABANK11=0B00h-0BFFh -ABANK12=0C00h-0CFFh \
  -ABANK13=0D00h-0DFFh -ABANK14=0E00h-0EFFh -ABANK15=0F00h-0F37h \
  -ASFR=0F38h-0F5Fh,0F60h-0FFFh \
  -preset_vec=00h,intcode=08h,intcodelo,powerup,init -pramtop=01000h \
  -psmallconst=SMALLCONST -pmediumconst=MEDIUMCONST -pconst=CONST \
  -AFARRAM=00h-00h -ACONFIG=0300000h-030000Dh -pconfig=CONFIG \
  -AIDLOC=0200000h-0200007h -pidloc=IDLOC -AEEDATA=0F00000h-0F003FFh \
  -peeprom_data=EEDATA \
  -prdata=COMRAM,nvrram=COMRAM,nvbit=COMRAM,rbss=COMRAM,rbit=COMRAM \
  -pfarbss=FARRAM,fardata=FARRAM,nvFARRAM=FARRAM \
  -pintsave_regs=BIGRAM,bigbss=BIGRAM,bigdata=BIGRAM -pbss=RAM \
  -pidata=CODE,irdata=CODE,ibigdata=CODE,ifardata=CODE -prparam=COMRAM \
  C:\Users\antop\AppData\Local\Temp\sgeo.o \
  dist/default/debug\LeafSensMotes.X.debug.o 

Object code version is 3.11

Machine type is 18LF46K22

Call graph: (short form)




                Name                               Link     Load   Length Selector   Space Scale
C:\Users\antop\AppData\Local\Temp\sgeo.o
                stack                               8D6      8D6      662      8D6       2
                init                                 A4       A4        8        4       0
                reset_vec                             0        0        4        0       0
                idloc                            200000   200000        8   200000       0
                config                           300000   300000        E   300000       0
dist/default/debug\LeafSensMotes.X.debug.o
                intcode                               8        8       9C        4       0
                temp                                 46       46        C        1       1
                mediumconst                        FE06     FE06      1FA     7F03       0
                text286                            A82A     A82A        4        4       0
                text285                            A83C     A83C        2        4       0
                text284                            A826     A826        4        4       0
                text283                            A3B6     A3B6       20        4       0
                text282                            A7D2     A7D2        8        4       0
                text281                            A83A     A83A        2        4       0
                text280                            A822     A822        4        4       0
                text279                            A396     A396       20        4       0
                text278                            A7CA     A7CA        8        4       0
                text277                            A838     A838        2        4       0
                text276                            A81E     A81E        4        4       0
                text275                            A376     A376       20        4       0
                text274                            A7B0     A7B0        A        4       0
                text273                            A356     A356       20        4       0
                text272                            68B8     68B8      100        4       0
                text271                            6EA6     6EA6       F8        4       0
                text270                            A4BA     A4BA       1C        4       0
                text269                            99A2     99A2       40        4       0
                text268                            91B2     91B2       56        4       0
                text267                            A836     A836        2        4       0
                text266                            A336     A336       20        4       0
                text265                            A598     A598       14        4       0
                text264                            A7F8     A7F8        6        4       0
                text263                            A49E     A49E       1C        4       0
                text262                            9F3C     9F3C       2E        4       0
                text261                            A06C     A06C       2A        4       0
                text260                            855E     855E       84        4       0
                text259                            75DA     75DA       D0        4       0
                text258                            A6D2     A6D2        C        4       0
                text257                            A7A6     A7A6        A        4       0
                text256                            A3F4     A3F4       1E        4       0
                text255                            9F0E     9F0E       2E        4       0
                text253                            6282     6282      114        4       0
                text252                            6DAA     6DAA       FC        4       0
                text251                            6CAE     6CAE       FC        4       0
                text250                            5CC6     5CC6      13A        4       0
                text249                            8A2C     8A2C       78        4       0
                text248                            93FC     93FC       52        4       0
                text247                            8F86     8F86       60        4       0
                text246                            9EE0     9EE0       2E        4       0
                text245                            89B4     89B4       78        4       0
                text244                            893C     893C       78        4       0
                text243                            985A     985A       44        4       0
                text242                            A254     A254       22        4       0
                text241                            6166     6166      11C        4       0
                text240                            69B8     69B8       FE        4       0
                text239                            A316     A316       20        4       0
                text238                            98E0     98E0       42        4       0
                text237                            85E2     85E2       82        4       0
                text236                            8094     8094       8E        4       0
                text235                            A2F6     A2F6       20        4       0
                text234                            84DA     84DA       84        4       0
                text233                            915A     915A       58        4       0
                text232                            526E     526E      15E        4       0
                text231                            A81A     A81A        4        4       0
                text230                            A816     A816        4        4       0
                text229                            A50A     A50A       1A        4       0
                text228                            9D9C     9D9C       30        4       0
                text227                            97D0     97D0       46        4       0
                text226                            A812     A812        4        4       0
                text225                            A80E     A80E        4        4       0
                text224                            A5F4     A5F4       12        4       0
                text223                            A6AC     A6AC        E        4       0
                text222                            A2D6     A2D6       20        4       0
                text221                            8D92     8D92       68        4       0
                text220                            7090     7090       F0        4       0
                text219                            A6C6     A6C6        C        4       0
                text218                            A136     A136       28        4       0
                text217                            6BB2     6BB2       FC        4       0
                text216                            9BB2     9BB2       34        4       0
                text215                            4AC6     4AC6      1CA        4       0
                text214                            A79C     A79C        A        4       0
                text213                            93AA     93AA       52        4       0
                text212                            7774     7774       CA        4       0
                text211                            4730     4730      1CC        4       0
                text210                            7EC2     7EC2       A0        4       0
                text209                            7352     7352       DE        4       0
                text208                            A656     A656       10        4       0
                text207                            8F24     8F24       62        4       0
                text206                            37AE     37AE      29C        4       0
                text205                            510A     510A      164        4       0
                text204                            34AE     34AE      300        4       0
                text203                            9B48     9B48       36        4       0
                text202                            9358     9358       52        4       0
                text201                            5E00     5E00      12A        4       0
                text200                            1B5A     1B5A      35C        4       0
                text199                            8EC2     8EC2       62        4       0
                text198                            9816     9816       44        4       0
                text197                            90FE     90FE       5C        4       0
                text196                            A232     A232       22        4       0
                text195                            567A     567A      150        4       0
                text194                            8D2A     8D2A       68        4       0
                text193                            8C58     8C58       6A        4       0
                text192                            7180     7180       EE        4       0
                text191                            12D6     12D6      4FA        4       0
                text190                            3F04     3F04      224        4       0
                text189                            A792     A792        A        4       0
                text188                            8238     8238       8A        4       0
                text187                            9D6C     9D6C       30        4       0
                text186                            A788     A788        A        4       0
                text185                            A77E     A77E        A        4       0
                text184                            A774     A774        A        4       0
                text183                            7F62     7F62       9A        4       0
                text182                            A76A     A76A        A        4       0
                text181                            A760     A760        A        4       0
                text180                            A756     A756        A        4       0
                text179                            95D8     95D8       4C        4       0
                text178                            67B6     67B6      102        4       0
                text177                            8CC2     8CC2       68        4       0
                text176                            A4F0     A4F0       1A        4       0
                text175                            7E1E     7E1E       A4        4       0
                text174                            9EB2     9EB2       2E        4       0
                text173                            9E84     9E84       2E        4       0
                text172                            9E56     9E56       2E        4       0
                text171                            A554     A554       18        4       0
                text170                            A74C     A74C        A        4       0
                text169                            A742     A742        A        4       0
                text168                            A738     A738        A        4       0
                text167                            978A     978A       46        4       0
                text166                            A72E     A72E        A        4       0
                text165                            A724     A724        A        4       0
                text164                            A042     A042       2A        4       0
                text163                            A80A     A80A        4        4       0
                text162                            A646     A646       10        4       0
                text161                            A636     A636       10        4       0
                text160                            A71A     A71A        A        4       0
                text159                            A626     A626       10        4       0
                text158                            A834     A834        2        4       0
                text157                            A832     A832        2        4       0
                text156                            A830     A830        2        4       0
                text155                            A7C2     A7C2        8        4       0
                text154                            A710     A710        A        4       0
                text153                            A616     A616       10        4       0
                text152                            A210     A210       22        4       0
                text151                            A69E     A69E        E        4       0
                text150                            9304     9304       54        4       0
                text149                            A690     A690        E        4       0
                text148                            9E28     9E28       2E        4       0
                text147                            A706     A706        A        4       0
                text146                            9FC2     9FC2       2C        4       0
                text145                            A6FC     A6FC        A        4       0
                text144                            9C4A     9C4A       32        4       0
                text143                            9DFA     9DFA       2E        4       0
                text142                            A5E2     A5E2       12        4       0
                text141                            A5D0     A5D0       12        4       0
                text140                            88C4     88C4       78        4       0
                text139                            8B82     8B82       6C        4       0
                text138                            82C2     82C2       88        4       0
                text137                            A806     A806        4        4       0
                text136                            A802     A802        4        4       0
                text135                            A7F2     A7F2        6        4       0
                text134                            A7EC     A7EC        6        4       0
                text133                            A4D6     A4D6       1A        4       0
                text132                            90A2     90A2       5C        4       0
                text131                            9D3C     9D3C       30        4       0
                text130                            7A84     7A84       BE        4       0
                text129                            A1A8     A1A8       24        4       0
                text128                            A682     A682        E        4       0
                text127                            A674     A674        E        4       0
                text126                            9D0C     9D0C       30        4       0
                text125                            5B8C     5B8C      13A        4       0
                text124                            92B0     92B0       54        4       0
                text123                            590E     590E      140        4       0
                text122                            9B12     9B12       36        4       0
                text121                            925C     925C       54        4       0
                text120                            A3D6     A3D6       1E        4       0
                text119                            87D2     87D2       7A        4       0
                text118                            A1EE     A1EE       22        4       0
                text117                            A10E     A10E       28        4       0
                text116                            9962     9962       40        4       0
                text115                            953E     953E       4E        4       0
                text114                            A5BE     A5BE       12        4       0
                text113                            A018     A018       2A        4       0
                text112                            3CD4     3CD4      230        4       0
                text111                            A2B6     A2B6       20        4       0
                text110                            A7E6     A7E6        6        4       0
                text109                            A666     A666        E        4       0
                text108                            A606     A606       10        4       0
                text107                            A82E     A82E        2        4       0
                text106                            8758     8758       7A        4       0
                text105                            A7E0     A7E0        6        4       0
                text104                            A1CC     A1CC       22        4       0
                text103                            9922     9922       40        4       0
                text102                             BD8      BD8      6FE        4       0
                text101                            64A4     64A4      10C        4       0
                text100                            9044     9044       5E        4       0
                text99                             86DE     86DE       7A        4       0
                text98                             7FFC     7FFC       98        4       0
                text97                             83D0     83D0       86        4       0
                text96                             94EE     94EE       50        4       0
                text95                             76AA     76AA       CA        4       0
                text94                             7508     7508       D2        4       0
                text93                             834A     834A       86        4       0
                text92                             4E22     4E22      17C        4       0
                text91                             79C2     79C2       C2        4       0
                text90                             A7DA     A7DA        6        4       0
                text89                             253C     253C      332        4       0
                text88                             17D0     17D0      38A        4       0
                text87                             949E     949E       50        4       0
                text86                             6F9E     6F9E       F2        4       0
                text85                             A6F2     A6F2        A        4       0
                text84                             9208     9208       54        4       0
                text83                             6048     6048      11E        4       0
                text82                             8BEE     8BEE       6A        4       0
                text81                             A482     A482       1C        4       0
                text80                             A6E8     A6E8        A        4       0
                text79                             A6DE     A6DE        A        4       0
                text78                             9624     9624       4A        4       0
                text77                             A296     A296       20        4       0
                text76                             A53C     A53C       18        4       0
                text75                             9FEE     9FEE       2A        4       0
                text74                             48FC     48FC      1CA        4       0
                text73                             9C18     9C18       32        4       0
                text72                             A184     A184       24        4       0
                text71                             9A20     9A20       3E        4       0
                text70                             6396     6396      10E        4       0
                text69                             9B7E     9B7E       34        4       0
                text68                             9AD6     9AD6       3C        4       0
                text67                             9744     9744       46        4       0
                text66                             8B16     8B16       6C        4       0
                text65                             4544     4544      1EC        4       0
                text64                             A582     A582       16        4       0
                text63                             A524     A524       18        4       0
                text62                             53CC     53CC      15C        4       0
                text61                             A0E6     A0E6       28        4       0
                text60                             989E     989E       42        4       0
                text59                             A0BE     A0BE       28        4       0
                text58                             433C     433C      208        4       0
                text57                             9BE6     9BE6       32        4       0
                text56                             9F96     9F96       2C        4       0
                text55                             8664     8664       7A        4       0
                text54                             5528     5528      152        4       0
                text53                             4128     4128      214        4       0
                text52                             A466     A466       1C        4       0
                text51                             8AA4     8AA4       72        4       0
                text50                               AC       AC      B2C        4       0
                text49                             31AE     31AE      300        4       0
                text48                             7D6C     7D6C       B2        4       0
                text47                             8DFA     8DFA       66        4       0
                text46                             726E     726E       E4        4       0
                text45                             65B0     65B0      104        4       0
                text44                             9CDC     9CDC       30        4       0
                text43                             81AE     81AE       8A        4       0
                text42                             9A9A     9A9A       3C        4       0
                text41                             9DCC     9DCC       2E        4       0
                text40                             958C     958C       4C        4       0
                text39                             944E     944E       50        4       0
                text38                             A44A     A44A       1C        4       0
                text37                             A42E     A42E       1C        4       0
                text36                             A412     A412       1C        4       0
                text35                             A5AC     A5AC       12        4       0
                text34                             884C     884C       78        4       0
                text33                             9A5E     9A5E       3C        4       0
                text32                             96FE     96FE       46        4       0
                text31                             7430     7430       D8        4       0
                text30                             7BFE     7BFE       B8        4       0
                text29                             4F9E     4F9E      16C        4       0
                text28                             5F2A     5F2A      11E        4       0
                text27                             A15E     A15E       26        4       0
                text26                             5A4E     5A4E      13E        4       0
                text25                             2EA8     2EA8      306        4       0
                text24                             7900     7900       C2        4       0
                text23                             99E2     99E2       3E        4       0
                text22                             9CAC     9CAC       30        4       0
                text21                             9F6A     9F6A       2C        4       0
                text20                             8E60     8E60       62        4       0
                text19                             8456     8456       84        4       0
                text18                             96B6     96B6       48        4       0
                text17                             3A4A     3A4A      28A        4       0
                text16                             2B9A     2B9A      30E        4       0
                text15                             966E     966E       48        4       0
                text14                             7B42     7B42       BC        4       0
                text13                             57CA     57CA      144        4       0
                text12                             1EB6     1EB6      354        4       0
                text11                             6AB6     6AB6       FC        4       0
                text10                             8122     8122       8C        4       0
                text9                              7CB6     7CB6       B6        4       0
                text8                              4C90     4C90      192        4       0
                text7                              286E     286E      32C        4       0
                text6                              8FE6     8FE6       5E        4       0
                text5                              220A     220A      332        4       0
                text4                              9C7C     9C7C       30        4       0
                text3                              A276     A276       20        4       0
                text2                              A56C     A56C       16        4       0
                text1                              A7BA     A7BA        8        4       0
                text0                              66B4     66B4      102        4       0
                cstackCOMRAM                          1        1       31        1       1
                cstackBANK0                          60       60       9C       60       1
                cstackBANK1                         174      174       69      100       1
                bssBIGRAM                           528      528      3AE      528       1
                bssBANK5                            500      500       28      500       1
                bssBANK4                            400      400       F4      400       1
                dataBANK3                           3D0      3D0       28      300       1
                bssBANK3                            300      300       D0      300       1
                bssBANK2                            200      200       FA      200       1
                dataBANK1                           1EF      1EF        C      100       1
                bssBANK1                            100      100       74      100       1
                dataCOMRAM                           52       52        4        1       1
                bssCOMRAM                            32       32       14        1       1
                cinit                              783E     783E       C2        4       0
                nvBANK2                             2FA      2FA        6      200       1
                nvBANK1                             1DD      1DD       12      100       1
                idataBANK3                         A096     A096       28        4       0
                idataBANK1                         A6BA     A6BA        C        4       0
                idataCOMRAM                        A7FE     A7FE        4        4       0

TOTAL           Name                               Link     Load   Length     Space
        CLASS   STACK          
                stack                               8D6      8D6      662         2

        CLASS   CODE           
                intcode                               8        8       9C         0
                init                                 A4       A4        8         0
                reset_vec                             0        0        4         0
                text286                            A82A     A82A        4         0
                text285                            A83C     A83C        2         0
                text284                            A826     A826        4         0
                text283                            A3B6     A3B6       20         0
                text282                            A7D2     A7D2        8         0
                text281                            A83A     A83A        2         0
                text280                            A822     A822        4         0
                text279                            A396     A396       20         0
                text278                            A7CA     A7CA        8         0
                text277                            A838     A838        2         0
                text276                            A81E     A81E        4         0
                text275                            A376     A376       20         0
                text274                            A7B0     A7B0        A         0
                text273                            A356     A356       20         0
                text272                            68B8     68B8      100         0
                text271                            6EA6     6EA6       F8         0
                text270                            A4BA     A4BA       1C         0
                text269                            99A2     99A2       40         0
                text268                            91B2     91B2       56         0
                text267                            A836     A836        2         0
                text266                            A336     A336       20         0
                text265                            A598     A598       14         0
                text264                            A7F8     A7F8        6         0
                text263                            A49E     A49E       1C         0
                text262                            9F3C     9F3C       2E         0
                text261                            A06C     A06C       2A         0
                text260                            855E     855E       84         0
                text259                            75DA     75DA       D0         0
                text258                            A6D2     A6D2        C         0
                text257                            A7A6     A7A6        A         0
                text256                            A3F4     A3F4       1E         0
                text255                            9F0E     9F0E       2E         0
                text253                            6282     6282      114         0
                text252                            6DAA     6DAA       FC         0
                text251                            6CAE     6CAE       FC         0
                text250                            5CC6     5CC6      13A         0
                text249                            8A2C     8A2C       78         0
                text248                            93FC     93FC       52         0
                text247                            8F86     8F86       60         0
                text246                            9EE0     9EE0       2E         0
                text245                            89B4     89B4       78         0
                text244                            893C     893C       78         0
                text243                            985A     985A       44         0
                text242                            A254     A254       22         0
                text241                            6166     6166      11C         0
                text240                            69B8     69B8       FE         0
                text239                            A316     A316       20         0
                text238                            98E0     98E0       42         0
                text237                            85E2     85E2       82         0
                text236                            8094     8094       8E         0
                text235                            A2F6     A2F6       20         0
                text234                            84DA     84DA       84         0
                text233                            915A     915A       58         0
                text232                            526E     526E      15E         0
                text231                            A81A     A81A        4         0
                text230                            A816     A816        4         0
                text229                            A50A     A50A       1A         0
                text228                            9D9C     9D9C       30         0
                text227                            97D0     97D0       46         0
                text226                            A812     A812        4         0
                text225                            A80E     A80E        4         0
                text224                            A5F4     A5F4       12         0
                text223                            A6AC     A6AC        E         0
                text222                            A2D6     A2D6       20         0
                text221                            8D92     8D92       68         0
                text220                            7090     7090       F0         0
                text219                            A6C6     A6C6        C         0
                text218                            A136     A136       28         0
                text217                            6BB2     6BB2       FC         0
                text216                            9BB2     9BB2       34         0
                text215                            4AC6     4AC6      1CA         0
                text214                            A79C     A79C        A         0
                text213                            93AA     93AA       52         0
                text212                            7774     7774       CA         0
                text211                            4730     4730      1CC         0
                text210                            7EC2     7EC2       A0         0
                text209                            7352     7352       DE         0
                text208                            A656     A656       10         0
                text207                            8F24     8F24       62         0
                text206                            37AE     37AE      29C         0
                text205                            510A     510A      164         0
                text204                            34AE     34AE      300         0
                text203                            9B48     9B48       36         0
                text202                            9358     9358       52         0
                text201                            5E00     5E00      12A         0
                text200                            1B5A     1B5A      35C         0
                text199                            8EC2     8EC2       62         0
                text198                            9816     9816       44         0
                text197                            90FE     90FE       5C         0
                text196                            A232     A232       22         0
                text195                            567A     567A      150         0
                text194                            8D2A     8D2A       68         0
                text193                            8C58     8C58       6A         0
                text192                            7180     7180       EE         0
                text191                            12D6     12D6      4FA         0
                text190                            3F04     3F04      224         0
                text189                            A792     A792        A         0
                text188                            8238     8238       8A         0
                text187                            9D6C     9D6C       30         0
                text186                            A788     A788        A         0
                text185                            A77E     A77E        A         0
                text184                            A774     A774        A         0
                text183                            7F62     7F62       9A         0
                text182                            A76A     A76A        A         0
                text181                            A760     A760        A         0
                text180                            A756     A756        A         0
                text179                            95D8     95D8       4C         0
                text178                            67B6     67B6      102         0
                text177                            8CC2     8CC2       68         0
                text176                            A4F0     A4F0       1A         0
                text175                            7E1E     7E1E       A4         0
                text174                            9EB2     9EB2       2E         0
                text173                            9E84     9E84       2E         0
                text172                            9E56     9E56       2E         0
                text171                            A554     A554       18         0
                text170                            A74C     A74C        A         0
                text169                            A742     A742        A         0
                text168                            A738     A738        A         0
                text167                            978A     978A       46         0
                text166                            A72E     A72E        A         0
                text165                            A724     A724        A         0
                text164                            A042     A042       2A         0
                text163                            A80A     A80A        4         0
                text162                            A646     A646       10         0
                text161                            A636     A636       10         0
                text160                            A71A     A71A        A         0
                text159                            A626     A626       10         0
                text158                            A834     A834        2         0
                text157                            A832     A832        2         0
                text156                            A830     A830        2         0
                text155                            A7C2     A7C2        8         0
                text154                            A710     A710        A         0
                text153                            A616     A616       10         0
                text152                            A210     A210       22         0
                text151                            A69E     A69E        E         0
                text150                            9304     9304       54         0
                text149                            A690     A690        E         0
                text148                            9E28     9E28       2E         0
                text147                            A706     A706        A         0
                text146                            9FC2     9FC2       2C         0
                text145                            A6FC     A6FC        A         0
                text144                            9C4A     9C4A       32         0
                text143                            9DFA     9DFA       2E         0
                text142                            A5E2     A5E2       12         0
                text141                            A5D0     A5D0       12         0
                text140                            88C4     88C4       78         0
                text139                            8B82     8B82       6C         0
                text138                            82C2     82C2       88         0
                text137                            A806     A806        4         0
                text136                            A802     A802        4         0
                text135                            A7F2     A7F2        6         0
                text134                            A7EC     A7EC        6         0
                text133                            A4D6     A4D6       1A         0
                text132                            90A2     90A2       5C         0
                text131                            9D3C     9D3C       30         0
                text130                            7A84     7A84       BE         0
                text129                            A1A8     A1A8       24         0
                text128                            A682     A682        E         0
                text127                            A674     A674        E         0
                text126                            9D0C     9D0C       30         0
                text125                            5B8C     5B8C      13A         0
                text124                            92B0     92B0       54         0
                text123                            590E     590E      140         0
                text122                            9B12     9B12       36         0
                text121                            925C     925C       54         0
                text120                            A3D6     A3D6       1E         0
                text119                            87D2     87D2       7A         0
                text118                            A1EE     A1EE       22         0
                text117                            A10E     A10E       28         0
                text116                            9962     9962       40         0
                text115                            953E     953E       4E         0
                text114                            A5BE     A5BE       12         0
                text113                            A018     A018       2A         0
                text112                            3CD4     3CD4      230         0
                text111                            A2B6     A2B6       20         0
                text110                            A7E6     A7E6        6         0
                text109                            A666     A666        E         0
                text108                            A606     A606       10         0
                text107                            A82E     A82E        2         0
                text106                            8758     8758       7A         0
                text105                            A7E0     A7E0        6         0
                text104                            A1CC     A1CC       22         0
                text103                            9922     9922       40         0
                text102                             BD8      BD8      6FE         0
                text101                            64A4     64A4      10C         0
                text100                            9044     9044       5E         0
                text99                             86DE     86DE       7A         0
                text98                             7FFC     7FFC       98         0
                text97                             83D0     83D0       86         0
                text96                             94EE     94EE       50         0
                text95                             76AA     76AA       CA         0
                text94                             7508     7508       D2         0
                text93                             834A     834A       86         0
                text92                             4E22     4E22      17C         0
                text91                             79C2     79C2       C2         0
                text90                             A7DA     A7DA        6         0
                text89                             253C     253C      332         0
                text88                             17D0     17D0      38A         0
                text87                             949E     949E       50         0
                text86                             6F9E     6F9E       F2         0
                text85                             A6F2     A6F2        A         0
                text84                             9208     9208       54         0
                text83                             6048     6048      11E         0
                text82                             8BEE     8BEE       6A         0
                text81                             A482     A482       1C         0
                text80                             A6E8     A6E8        A         0
                text79                             A6DE     A6DE        A         0
                text78                             9624     9624       4A         0
                text77                             A296     A296       20         0
                text76                             A53C     A53C       18         0
                text75                             9FEE     9FEE       2A         0
                text74                             48FC     48FC      1CA         0
                text73                             9C18     9C18       32         0
                text72                             A184     A184       24         0
                text71                             9A20     9A20       3E         0
                text70                             6396     6396      10E         0
                text69                             9B7E     9B7E       34         0
                text68                             9AD6     9AD6       3C         0
                text67                             9744     9744       46         0
                text66                             8B16     8B16       6C         0
                text65                             4544     4544      1EC         0
                text64                             A582     A582       16         0
                text63                             A524     A524       18         0
                text62                             53CC     53CC      15C         0
                text61                             A0E6     A0E6       28         0
                text60                             989E     989E       42         0
                text59                             A0BE     A0BE       28         0
                text58                             433C     433C      208         0
                text57                             9BE6     9BE6       32         0
                text56                             9F96     9F96       2C         0
                text55                             8664     8664       7A         0
                text54                             5528     5528      152         0
                text53                             4128     4128      214         0
                text52                             A466     A466       1C         0
                text51                             8AA4     8AA4       72         0
                text50                               AC       AC      B2C         0
                text49                             31AE     31AE      300         0
                text48                             7D6C     7D6C       B2         0
                text47                             8DFA     8DFA       66         0
                text46                             726E     726E       E4         0
                text45                             65B0     65B0      104         0
                text44                             9CDC     9CDC       30         0
                text43                             81AE     81AE       8A         0
                text42                             9A9A     9A9A       3C         0
                text41                             9DCC     9DCC       2E         0
                text40                             958C     958C       4C         0
                text39                             944E     944E       50         0
                text38                             A44A     A44A       1C         0
                text37                             A42E     A42E       1C         0
                text36                             A412     A412       1C         0
                text35                             A5AC     A5AC       12         0
                text34                             884C     884C       78         0
                text33                             9A5E     9A5E       3C         0
                text32                             96FE     96FE       46         0
                text31                             7430     7430       D8         0
                text30                             7BFE     7BFE       B8         0
                text29                             4F9E     4F9E      16C         0
                text28                             5F2A     5F2A      11E         0
                text27                             A15E     A15E       26         0
                text26                             5A4E     5A4E      13E         0
                text25                             2EA8     2EA8      306         0
                text24                             7900     7900       C2         0
                text23                             99E2     99E2       3E         0
                text22                             9CAC     9CAC       30         0
                text21                             9F6A     9F6A       2C         0
                text20                             8E60     8E60       62         0
                text19                             8456     8456       84         0
                text18                             96B6     96B6       48         0
                text17                             3A4A     3A4A      28A         0
                text16                             2B9A     2B9A      30E         0
                text15                             966E     966E       48         0
                text14                             7B42     7B42       BC         0
                text13                             57CA     57CA      144         0
                text12                             1EB6     1EB6      354         0
                text11                             6AB6     6AB6       FC         0
                text10                             8122     8122       8C         0
                text9                              7CB6     7CB6       B6         0
                text8                              4C90     4C90      192         0
                text7                              286E     286E      32C         0
                text6                              8FE6     8FE6       5E         0
                text5                              220A     220A      332         0
                text4                              9C7C     9C7C       30         0
                text3                              A276     A276       20         0
                text2                              A56C     A56C       16         0
                text1                              A7BA     A7BA        8         0
                text0                              66B4     66B4      102         0
                cinit                              783E     783E       C2         0
                idataBANK3                         A096     A096       28         0
                idataBANK1                         A6BA     A6BA        C         0
                idataCOMRAM                        A7FE     A7FE        4         0

        CLASS   CONST          

        CLASS   SMALLCONST     

        CLASS   MEDIUMCONST    
                mediumconst                        FE06     FE06      1FA         0

        CLASS   COMRAM         
                temp                                 46       46        C         1
                cstackCOMRAM                          1        1       31         1
                dataCOMRAM                           52       52        4         1
                bssCOMRAM                            32       32       14         1

        CLASS   ABS1           

        CLASS   BIGRAM         
                bssBIGRAM                           528      528      3AE         1

        CLASS   RAM            

        CLASS   BANK0          
                cstackBANK0                          60       60       9C         1

        CLASS   BANK1          
                cstackBANK1                         174      174       69         1
                dataBANK1                           1EF      1EF        C         1
                bssBANK1                            100      100       74         1
                nvBANK1                             1DD      1DD       12         1

        CLASS   BANK2          
                bssBANK2                            200      200       FA         1
                nvBANK2                             2FA      2FA        6         1

        CLASS   BANK3          
                dataBANK3                           3D0      3D0       28         1
                bssBANK3                            300      300       D0         1

        CLASS   BANK4          
                bssBANK4                            400      400       F4         1

        CLASS   BANK5          
                bssBANK5                            500      500       28         1

        CLASS   BANK6          

        CLASS   BANK7          

        CLASS   BANK8          

        CLASS   BANK9          

        CLASS   BANK10         

        CLASS   BANK11         

        CLASS   BANK12         

        CLASS   BANK13         

        CLASS   BANK14         

        CLASS   BANK15         

        CLASS   SFR            

        CLASS   FARRAM         

        CLASS   CONFIG         
                config                           300000   300000        E         0

        CLASS   IDLOC          
                idloc                            200000   200000        8         0

        CLASS   EEDATA         



SEGMENTS        Name                           Load    Length   Top    Selector   Space  Class

                reset_vec                      000000  000004  000004         0       0  CODE    
                cstackCOMRAM                   000001  000055  000056         1       1  COMRAM  
                intcode                        000008  00A836  00A83E         4       0  CODE    
                cstackBANK0                    000060  00009C  0000FC        60       1  BANK0   
                bssBANK1                       000100  0000FB  0001FB       100       1  BANK1   
                bssBANK2                       000200  000100  000300       200       1  BANK2   
                bssBANK3                       000300  0000F8  0003F8       300       1  BANK3   
                bssBANK4                       000400  0000F4  0004F4       400       1  BANK4   
                bssBANK5                       000500  000028  000528       500       1  BANK5   
                bssBIGRAM                      000528  0003AE  0008D6       528       1  BIGRAM  
                stack                          0008D6  000662  000F38       8D6       2  STACK   
                mediumconst                    00FE06  0001FA  010000      7F03       0  MEDIUMCO
                idloc                          200000  000008  200008    200000       0  IDLOC   
                config                         300000  00000E  30000E    300000       0  CONFIG  


UNUSED ADDRESS RANGES

        Name                Unused          Largest block    Delta
        BANK0            0000FC-0000FF                4
        BANK1            0001FB-0001FF                5
        BANK10           000A00-000AFF              100
        BANK11           000B00-000BFF              100
        BANK12           000C00-000CFF              100
        BANK13           000D00-000DFF              100
        BANK14           000E00-000EFF              100
        BANK15           000F00-000F37               38
        BANK3            0003F8-0003FF                8
        BANK4            0004F4-0004FF                C
        BANK8            0008D6-0008FF               2A
        BANK9            000900-0009FF              100
        BIGRAM           000056-00005F                A
                         0000FC-0000FF                4
                         0001FB-0001FF                5
                         0003F8-0003FF                8
                         0004F4-0004FF                C
                         0008D6-000F37              662
        CODE             000004-000007                4
                         00A83E-00FE05             55C8
        COMRAM           000056-00005F                A
        CONST            000004-000007                4
                         00A83E-00FE05             55C8
        EEDATA           F00000-F003FF              400
        MEDIUMCONST      00A83E-00FE05             55C8
        RAM              0000FC-0000FF                4
                         0001FB-0001FF                5
                         0003F8-0003FF                8
                         0004F4-0004FF                C
                         0008D6-000F37              100
        SFR              000F38-000FFF               28
        SMALLCONST       00A83E-00FE05              100

                                  Symbol Table

?_ADC_GetConversion                                 cstackBANK0  000060
?_ComputeMic                                        cstackBANK0  0000C8
?_ExecuteDevStatus                                  cstackBANK0  000060
?_ExecuteDutyCycle                                  cstackBANK0  000060
?_ExecuteLinkAdr                                    cstackBANK0  00006F
?_ExecuteLinkCheck                                  cstackBANK0  000060
?_ExecuteNewChannel                                 cstackBANK0  00009E
?_ExecuteRxParamSetupReq                            cstackBANK0  00009E
?_ExecuteRxTimingSetup                              cstackBANK0  000067
?_ExtractMic                                        cstackBANK0  00006B
?_GPIOAnalogRead                                    cstackBANK0  000068
?_GPIOAverageRead                                   cstackBANK0  00006D
?_GetRx1Freq                                        cstackBANK0  000060
?_LORAWAN_GetStatus                                 cstackBANK0  000060
?_LORAWAN_GetUplinkCounter                          cstackBANK0  000060
?_MacExecuteCommands                                cstackBANK0  0000A6
?_RADIO_ReadRandom                                  cstackBANK0  00006C
?_RADIO_ReceiveStart                                cstackBANK0  0000A9
?_RADIO_Transmit                                    cstackBANK0  0000A9
?_Random                                            cstackBANK0  0000A5
?_SwTimerReadValue                                  cstackBANK0  000089
?_SwTimersInterrupt                                 cstackBANK0  000078
?_TMR1_ReadTimer                                    cstackBANK0  000060
?_TMR_GetDeltaTime                                  cstackBANK0  000068
?_TMR_SwapTimer                                     cstackBANK0  000068
?___awdiv                                           cstackBANK0  000060
?___fladd                                           cstackBANK0  000074
?___fldiv                                           cstackBANK0  00009D
?___flmul                                           cstackBANK0  000084
?___flsub                                           cstackBANK0  000084
?___fltol                                           cstackBANK0  000060
?___lldiv                                           cstackBANK0  000060
?___llmod                                           cstackBANK0  000060
?___lmul                                            cstackBANK0  000092
?___ltdiv                                           cstackBANK0  000060
?___lwdiv                                           cstackBANK0  000060
?___lwmod                                           cstackBANK0  0000A0
?___wmul                                            cstackBANK0  000060
?___xxtofl                                          cstackBANK0  000060
?_averageMeasure                                    cstackBANK0  00006A
?_eval_poly                                         cstackBANK0  00009D
?_frexp                                             cstackBANK0  00006C
?_log                                               cstackBANK0  0000AD
?_rand                                              cstackBANK0  00009E
?_tempConversion                                    cstackBANK0  0000B6
?i2_SwTimersInterrupt                               cstackCOMRAM 000019
?i2_TMR1_ReadTimer                                  cstackCOMRAM 000001
?i2_TMR_GetDeltaTime                                cstackCOMRAM 000009
?i2_TMR_SwapTimer                                   cstackCOMRAM 000009
?i2___awdiv                                         cstackCOMRAM 000001
ADC_GetConversion@channel                           cstackBANK0  000067
ADC_GetConversion@result                            cstackBANK0  000065
AESCmac@flag                                        cstackBANK1  0001D6
AESCmac@i                                           cstackBANK1  0001D9
AESCmac@input                                       cstackBANK0  0000BE
AESCmac@j                                           cstackBANK1  0001D8
AESCmac@k1                                          cstackBANK1  000184
AESCmac@k2                                          cstackBANK1  000174
AESCmac@key                                         cstackBANK0  0000BA
AESCmac@mLast                                       cstackBANK1  000194
AESCmac@n                                           cstackBANK1  0001D7
AESCmac@output                                      cstackBANK0  0000BC
AESCmac@padded                                      cstackBANK1  0001A4
AESCmac@ptr                                         cstackBANK1  0001D4
AESCmac@size                                        cstackBANK0  0000C0
AESCmac@x                                           cstackBANK1  0001C4
AESCmac@y                                           cstackBANK1  0001B4
AESEncode@aux                                       cstackBANK0  000079
AESEncode@aux1                                      cstackBANK0  00007B
AESEncode@aux2                                      cstackBANK0  00007A
AESEncode@aux3                                      cstackBANK0  00007C
AESEncode@block                                     cstackBANK0  000067
AESEncode@i                                         cstackBANK0  00007D
AESEncode@key                                       cstackBANK0  000069
AESEncodeLoRa@block                                 cstackBANK0  00007E
AESEncodeLoRa@key                                   cstackBANK0  000080
AESEncodeLoRa@useKey                                cstackBANK0  000082
AssembleEncryptionBlock@blockId                     cstackBANK0  00006F
AssembleEncryptionBlock@bufferIndex                 cstackBANK0  000073
AssembleEncryptionBlock@dir                         cstackBANK0  000072
AssembleEncryptionBlock@firstByte                   cstackBANK0  000070
AssembleEncryptionBlock@frameCounter                cstackBANK0  00006B
AssembleEncryptionBlock@multicastStatus             cstackBANK0  000071
AssemblePacket@buffer                               cstackBANK0  0000C9
AssemblePacket@bufferIndex                          cstackBANK0  0000D3
AssemblePacket@bufferLength                         cstackBANK0  0000CB
AssemblePacket@confirmed                            cstackBANK0  0000CF
AssemblePacket@fCtrl                                cstackBANK0  0000D1
AssemblePacket@macCmdIdx                            cstackBANK0  0000D2
AssemblePacket@mhdr                                 cstackBANK0  0000D0
AssemblePacket@port                                 cstackBANK0  0000C8
CheckFlags@hdr                                      cstackBANK0  000060
CheckMcastFlags@hdr                                 cstackBANK0  000060
ComputeMic@buffer                                   cstackBANK0  0000CA
ComputeMic@bufferLength                             cstackBANK0  0000CC
ComputeMic@key                                      cstackBANK0  0000C8
ComputeMic@mic                                      cstackBANK0  0000CD
ComputeSessionKeys@joinAcceptBuffer                 cstackBANK0  000092
ConfigureRadio@dataRate                             cstackBANK0  000072
ConfigureRadio@freq                                 cstackBANK0  00006E
ConfigureRadioRx@dataRate                           cstackBANK0  000077
ConfigureRadioRx@freq                               cstackBANK0  000073
ConfigureRadioTx@dataRate                           cstackBANK0  000077
ConfigureRadioTx@freq                               cstackBANK0  000073
ConfigureRadioTx@txPower                            cstackBANK0  000078
CountfOptsLength@i                                  cstackBANK0  000067
CountfOptsLength@macCommandLength                   cstackBANK0  000066
EUSART2_SetErrorHandler@interruptHandler            cstackBANK0  000060
EUSART2_SetFramingErrorHandler@interruptHandler     cstackBANK0  000060
EUSART2_SetOverrunErrorHandler@interruptHandler     cstackBANK0  000060
EnableChannels1@channelIndexMax                     cstackBANK0  000068
EnableChannels1@channelIndexMin                     cstackBANK0  000067
EnableChannels1@channelMask                         cstackBANK0  000064
EnableChannels1@channelMaskCntl                     cstackBANK0  000066
EnableChannels1@i                                   cstackBANK0  00006B
EnableChannels@channelMask                          cstackBANK0  00006C
EnableChannels@channelMaskCntl                      cstackBANK0  00006E
EncKeySchedule@key                                  cstackBANK0  000060
EncodeShiftRow@stateTable                           cstackBANK0  000060
EncodeShiftRow@temp                                 cstackBANK0  000062
EncryptFRMPayload@buffer                            cstackBANK0  000092
EncryptFRMPayload@bufferLength                      cstackBANK0  000094
EncryptFRMPayload@bufferToBeEncrypted               cstackBANK0  00009D
EncryptFRMPayload@dir                               cstackBANK0  000095
EncryptFRMPayload@frameCounter                      cstackBANK0  000096
EncryptFRMPayload@i                                 cstackBANK0  0000A6
EncryptFRMPayload@j                                 cstackBANK0  0000A7
EncryptFRMPayload@k                                 cstackBANK0  0000A5
EncryptFRMPayload@key                               cstackBANK0  00009A
EncryptFRMPayload@macBufferIndex                    cstackBANK0  00009C
EncryptFRMPayload@multicastStatus                   cstackBANK0  00009F
ExecuteDevStatus@ptr                                cstackBANK0  000060
ExecuteDutyCycle@maxDCycle                          cstackBANK0  000065
ExecuteDutyCycle@ptr                                cstackBANK0  000060
ExecuteLinkAdr@channelMask                          cstackBANK0  000072
ExecuteLinkAdr@dataRate                             cstackBANK0  000077
ExecuteLinkAdr@ptr                                  cstackBANK0  00006F
ExecuteLinkAdr@redundancy                           cstackBANK0  000075
ExecuteLinkAdr@txPower                              cstackBANK0  000074
ExecuteLinkCheck@ptr                                cstackBANK0  000060
ExecuteNewChannel@channelIndex                      cstackBANK0  0000A5
ExecuteNewChannel@drRange                           cstackBANK0  0000A0
ExecuteNewChannel@frequency                         cstackBANK0  0000A1
ExecuteNewChannel@ptr                               cstackBANK0  00009E
ExecuteRxParamSetupReq@dlSettings                   cstackBANK0  0000A4
ExecuteRxParamSetupReq@frequency                    cstackBANK0  0000A0
ExecuteRxParamSetupReq@ptr                          cstackBANK0  00009E
ExecuteRxTimingSetup@delay                          cstackBANK0  000069
ExecuteRxTimingSetup@ptr                            cstackBANK0  000067
ExtractMic@buffer                                   cstackBANK0  00006B
ExtractMic@bufferLength                             cstackBANK0  00006D
ExtractMic@mic                                      cstackBANK0  000071
FillSubKey@carry                                    cstackBANK0  000066
FillSubKey@i                                        cstackBANK0  000067
FillSubKey@key                                      cstackBANK0  000062
FillSubKey@size                                     cstackBANK0  000064
FillSubKey@source                                   cstackBANK0  000060
FindSmallestDataRate@dataRate                       cstackBANK0  000063
FindSmallestDataRate@found                          cstackBANK0  000061
FindSmallestDataRate@i                              cstackBANK0  000062
GPIOAnalogMode@GPIO                                 cstackBANK0  000061
GPIOAnalogMode@mode                                 cstackBANK0  000060
GPIOAnalogRead@GPIO                                 cstackBANK0  00006C
GPIOAnalogRead@result                               cstackBANK0  00006A
GPIOAverageRead@GPIO                                cstackBANK0  000072
GPIOAverageRead@finalValue                          cstackBANK0  000075
GPIOAverageRead@i                                   cstackBANK0  000073
GPIODigitalRead@GPIO                                cstackBANK0  000060
GPIODigitalWrite@GPIO                               cstackBANK0  000061
GPIODigitalWrite@digOut                             cstackBANK0  000060
GPIOSet@GPIO                                        cstackBANK0  000061
GPIOSet@mode                                        cstackBANK0  000060
GenerateSubkey@F5972                                dataBANK3    0003D0
GenerateSubkey@const_Rb                             cstackBANK0  000099
GenerateSubkey@i                                    cstackBANK0  0000B9
GenerateSubkey@k1                                   cstackBANK0  000094
GenerateSubkey@k2                                   cstackBANK0  000096
GenerateSubkey@key                                  cstackBANK0  000092
GenerateSubkey@l                                    cstackBANK0  0000A9
HALResetPinOutputValue@value                        cstackBANK0  000060
HALSPISend@data                                     cstackBANK0  000061
I2C@flag                                            bssCOMRAM    000040
INT1_SetInterruptHandler@InterruptHandler           cstackBANK0  000060
INT2_SetInterruptHandler@InterruptHandler           cstackBANK0  000060
INTERRUPT_GetDioStatus@a                            cstackBANK0  000060
IOCB4_SetInterruptHandler@InterruptHandler          cstackBANK0  000060
IncludeMacCommandsResponse@bIncludeInFopts          cstackBANK0  000064
IncludeMacCommandsResponse@bufferIndex              cstackBANK0  00006D
IncludeMacCommandsResponse@i                        cstackBANK0  00006C
IncludeMacCommandsResponse@macBuffer                cstackBANK0  000060
IncludeMacCommandsResponse@pBufferIndex             cstackBANK0  000062
InitDefault433Channels@i                            cstackBANK0  00006B
InitDefault868Channels@i                            cstackBANK0  00006B
LORAWAN_GetMaxPayloadSize@macCommandsLength         cstackBANK0  000069
LORAWAN_GetMaxPayloadSize@result                    cstackBANK0  00006A
LORAWAN_GetStatus@status                            cstackBANK0  000064
LORAWAN_Init@RxJoinResponse                         cstackBANK0  0000AC
LORAWAN_Init@RxPayload                              cstackBANK0  0000AA
LORAWAN_Join@activationTypeNew                      cstackBANK0  0000DC
LORAWAN_Join@bufferIndex                            cstackBANK0  0000DA
LORAWAN_Join@result                                 cstackBANK0  0000DB
LORAWAN_LinkCheckConfigure@iCtr                     cstackBANK0  0000A8
LORAWAN_LinkCheckConfigure@period                   cstackBANK0  00009E
LORAWAN_Reset@ismBandNew                            cstackBANK0  0000A9
LORAWAN_RxDone@buffer                               cstackBANK1  0001DA
LORAWAN_RxDone@bufferIndex                          cstackBANK0  0000E7
LORAWAN_RxDone@bufferLength                         cstackBANK1  0001DC
LORAWAN_RxDone@channelIndex                         cstackBANK0  0000E1
LORAWAN_RxDone@computedMic                          cstackBANK0  0000EB
LORAWAN_RxDone@extractedMic                         cstackBANK0  0000E3
LORAWAN_RxDone@fPort                                cstackBANK0  0000E0
LORAWAN_RxDone@frmPayloadLength                     cstackBANK0  0000F1
LORAWAN_RxDone@hdr                                  cstackBANK0  0000F2
LORAWAN_RxDone@joinAccept                           cstackBANK0  0000EF
LORAWAN_RxDone@mhdr                                 cstackBANK0  0000E2
LORAWAN_RxDone@packet                               cstackBANK0  0000E9
LORAWAN_RxDone@temp                                 cstackBANK0  0000E8
LORAWAN_RxTimeout@i                                 cstackBANK0  0000C2
LORAWAN_RxTimeout@minim                             cstackBANK0  0000BE
LORAWAN_Send@buffer                                 cstackBANK0  0000D5
LORAWAN_Send@bufferLength                           cstackBANK0  0000D7
LORAWAN_Send@confirmed                              cstackBANK0  0000D9
LORAWAN_Send@port                                   cstackBANK0  0000D4
LORAWAN_Send@result                                 cstackBANK0  0000DA
LORAWAN_SetApplicationEui@applicationEuiNew         cstackBANK0  00006B
LORAWAN_SetApplicationKey@applicationKeyNew         cstackBANK0  00006B
LORAWAN_SetChannelIdStatus@channelId                cstackBANK0  000066
LORAWAN_SetChannelIdStatus@statusNew                cstackBANK0  000064
LORAWAN_SetDeviceEui@deviceEuiNew                   cstackBANK0  00006B
LORAWAN_SetUplinkCounter@ctr                        cstackBANK0  000060
LORAWAN_TxDone@delta                                cstackBANK0  0000C6
LORAWAN_TxDone@found                                cstackBANK0  0000C5
LORAWAN_TxDone@i                                    cstackBANK0  0000D6
LORAWAN_TxDone@minim                                cstackBANK0  0000D2
LORAWAN_TxDone@ticks                                cstackBANK0  0000CE
LORAWAN_TxDone@timeOnAir                            cstackBANK0  0000B3
MacExecuteCommands@buffer                           cstackBANK0  0000A6
MacExecuteCommands@done                             cstackBANK0  0000AB
MacExecuteCommands@fOptsLen                         cstackBANK0  0000A8
MacExecuteCommands@ptr                              cstackBANK0  0000AC
PrepareJoinRequestFrame@bufferIndex                 cstackBANK0  0000D9
PrepareJoinRequestFrame@iCtr                        cstackBANK0  0000D8
PrepareJoinRequestFrame@mhdr                        cstackBANK0  0000D7
PrepareJoinRequestFrame@mic                         cstackBANK0  0000D3
PrepareSessionKeys@appNonce                         cstackBANK0  00006D
PrepareSessionKeys@index                            cstackBANK0  000071
PrepareSessionKeys@networkId                        cstackBANK0  00006F
PrepareSessionKeys@sessionKey                       cstackBANK0  00006B
RADIO_DIO0@dioMapping                               cstackBANK0  0000F8
RADIO_DIO0@opMode                                   cstackBANK0  0000F9
RADIO_DIO1@dioMapping                               cstackBANK0  0000C4
RADIO_DIO2@dioMapping                               cstackBANK0  00007C
RADIO_FSKPacketSent@irqFlags                        cstackBANK0  0000DF
RADIO_FSKPacketSent@timeOnAir                       cstackBANK0  0000D7
RADIO_FSKPayloadReady@i                             cstackBANK0  0000F5
RADIO_FSKPayloadReady@irqFlags                      cstackBANK0  0000F4
RADIO_Init@frequency                                cstackBANK0  00007B
RADIO_Init@radioBuffer                              cstackBANK0  000079
RADIO_ReadRandom@i                                  cstackBANK0  000071
RADIO_ReadRandom@retVal                             cstackBANK0  00006F
RADIO_ReceiveStart@rxWindowSize                     cstackBANK0  0000A9
[...]
		_LORAWAN_Send  		CODE           	6F9E	0000	243
		_LORAWAN_Join  		CODE           	7E1E	0000	165
		_ConfigureRadioRx		CODE           	A018	0000	43
		_UpdateReceiveDelays		CODE           	989E	0000	67
		_ComputeSessionKeys		CODE           	83D0	0000	135
		_LORAWAN_LinkCheckCallback		CODE           	4F9E	0000	365
		_UpdateJoinSuccessState		CODE           	5A4E	0000	319
		_LORAWAN_EnterContinuousReceive		CODE           	8758	0000	123
		_ExecuteLinkCheck		CODE           	9C18	0000	51
		_LORAWAN_Mainloop		CODE           	99E2	0000	63
		_AssemblePacket		CODE           	17D0	0000	907
		_UpdateRetransmissionAckTimeoutState		CODE           	8AA4	0000	115
		_Random        		CODE           	A232	0000	35
		_LORAWAN_RxDone		CODE           	00AC	0000	2861
		_UpdateJoinInProgress		CODE           	A4F0	0000	27

mcc_generated_files/LoRaWAN/lorawan.c estimated size: 10735

C:\Program Files (x86)\Microchip\xc8\v2.05\pic\sources\c90\common\sprcadd.c
		___flsub       		CODE           	966E	0000	73
		___fladd       		CODE           	2B9A	0000	783

C:\Program Files (x86)\Microchip\xc8\v2.05\pic\sources\c90\common\sprcadd.c estimated size: 856

C:\Program Files (x86)\Microchip\xc8\v2.05\pic\sources\c90\common\llmod.c
		___llmod       		CODE           	8D92	0000	105

C:\Program Files (x86)\Microchip\xc8\v2.05\pic\sources\c90\common\llmod.c estimated size: 105

mcc_generated_files/LoRaWAN/interrupt_manager_lora_addons.c
		_INTERRUPT_GetDioStatus		CODE           	A5BE	0000	19
		_DIO0_ISR_Lora 		CODE           	A826	0000	5
		_DIO1_ISR_Lora 		CODE           	A822	0000	5
		_DIO2_ISR_Lora 		CODE           	A81E	0000	5

mcc_generated_files/LoRaWAN/interrupt_manager_lora_addons.c estimated size: 34

mcc_generated_files/LoRaWAN/lorawan_aes.c
		_AESEncodeLoRa 		CODE           	9B48	0000	55

mcc_generated_files/LoRaWAN/lorawan_aes.c estimated size: 55

C:\Program Files (x86)\Microchip\xc8\v2.05\pic\sources\c90\common\log.c
		_log           		CODE           	4C90	0000	403

C:\Program Files (x86)\Microchip\xc8\v2.05\pic\sources\c90\common\log.c estimated size: 403

mcc_generated_files/eusart2.c
		_EUSART2_SetOverrunErrorHandler		CODE           	A738	0000	11
		_EUSART2_SetErrorHandler		CODE           	A74C	0000	11
		_EUSART2_Initialize		CODE           	978A	0000	71
		_EUSART2_SetFramingErrorHandler		CODE           	A742	0000	11

mcc_generated_files/eusart2.c estimated size: 104

C:\Program Files (x86)\Microchip\xc8\v2.05\pic\sources\c90\common\frexp.c
		_frexp         		CODE           	7CB6	0000	183

C:\Program Files (x86)\Microchip\xc8\v2.05\pic\sources\c90\common\frexp.c estimated size: 183

mcc_generated_files/LoRaWAN/sw_timer.c
		_SwClearAllTimers		CODE           	9CAC	0000	49
		_SwTimerStop   		CODE           	A2F6	0000	33
		_SwTimerStart  		CODE           	8094	0000	143
		_TMR_GetDeltaTime		CODE           	6166	0000	285
		_SwTimerReadValue		CODE           	9922	0000	65
		_SwTimerIsRunning		CODE           	A1CC	0000	35
		_SwTimerCreate 		CODE           	8A2C	0000	121
		_TMR_OverrideRemaining		CODE           	85E2	0000	131
		_TMR_SwapTimer 		CODE           	98E0	0000	67
		_SwTimerSetCallback		CODE           	9BB2	0000	53
		_SwTimerSetTimeout		CODE           	985A	0000	69
		_SwTimersInterrupt		CODE           	69B8	0000	255
		_SystemBlockingWaitMs		CODE           	9D9C	0000	49
		_SwTimersExecute		CODE           	7900	0000	195
		_SystemTimerInit		CODE           	A7C2	0000	9

mcc_generated_files/LoRaWAN/sw_timer.c estimated size: 1559

mcc_generated_files/interrupt_manager.c
		_INTERRUPT_Initialize		CODE           	A80A	0000	5
		_INTERRUPT_InterruptManager		CODE           	0008	0000	157

mcc_generated_files/interrupt_manager.c estimated size: 162

C:\Program Files (x86)\Microchip\xc8\v2.05\pic\sources\c90\common\memcpy.c
		_memcpy        		CODE           	8F86	0000	97

C:\Program Files (x86)\Microchip\xc8\v2.05\pic\sources\c90\common\memcpy.c estimated size: 97

tmrAPP.c
		_timerHandler16		CODE           	75DA	0000	209
		_timerReset    		CODE           	9F6A	0000	45
		_timerTick16   		CODE           	A6D2	0000	13

tmrAPP.c estimated size: 267

acuadori.c
		_sendValue     		CODE           	8E60	0000	99
		_acuadoriApp   		CODE           	220A	0000	819
		_tempConversion		CODE           	286E	0000	813
		_leafSensAcquisition		CODE           	A10E	0000	41
		_impedenceAcquisition		CODE           	9B12	0000	55
		_averageMeasure		CODE           	82C2	0000	137
		_lightSensAcquisition		CODE           	953E	0000	79
		_sinGenStart   		CODE           	5B8C	0000	315
		_pointAddition 		CODE           	96B6	0000	73
		_tempSensAcquisition		CODE           	8FE6	0000	95

acuadori.c estimated size: 2526

I2C.c
		_i2c_usdelay   		CODE           	A1A8	0000	37
		_resetSDA      		CODE           	A682	0000	15
		_setSDA        		CODE           	A674	0000	15
		_i2c_sdaWrite  		CODE           	90A2	0000	93
		_i2c_stop      		CODE           	9D0C	0000	49
		_i2c_waitACK   		CODE           	A4D6	0000	27
		_i2c_sendData  		CODE           	9D3C	0000	49

I2C.c estimated size: 285

mcc_generated_files/pin_manager.c
		_IOCB4_DefaultInterruptHandler		CODE           	A838	0000	3
		_PIN_MANAGER_Initialize		CODE           	9304	0000	85
		_PIN_MANAGER_IOC		CODE           	A7B0	0000	11
		_IOCB4_SetInterruptHandler		CODE           	A71A	0000	11
		_IOCB4_ISR     		CODE           	A376	0000	33

mcc_generated_files/pin_manager.c estimated size: 143

C:\Program Files (x86)\Microchip\xc8\v2.05\pic\sources\c90\common\lwdiv.c
		___lwdiv       		CODE           	92B0	0000	85

C:\Program Files (x86)\Microchip\xc8\v2.05\pic\sources\c90\common\lwdiv.c estimated size: 85

C:\Program Files (x86)\Microchip\xc8\v2.05\pic\sources\c90\common\fltol.c
		___fltol       		CODE           	7B42	0000	189

C:\Program Files (x86)\Microchip\xc8\v2.05\pic\sources\c90\common\fltol.c estimated size: 189

C:\Program Files (x86)\Microchip\xc8\v2.05\pic\sources\c90\common\Umul16.c
		___wmul        		CODE           	A0E6	0000	41

C:\Program Files (x86)\Microchip\xc8\v2.05\pic\sources\c90\common\Umul16.c estimated size: 41

C:\Program Files (x86)\Microchip\xc8\v2.05\pic\sources\c90\common\lbmod.c
		___lbmod       		CODE           	A06C	0000	43

C:\Program Files (x86)\Microchip\xc8\v2.05\pic\sources\c90\common\lbmod.c estimated size: 43

mcc_generated_files/adc.c
		_ADC_Initialize		CODE           	A554	0000	25
		_ADC_GetConversion		CODE           	925C	0000	85
		_ADC_ISR       		CODE           	A82A	0000	5

mcc_generated_files/adc.c estimated size: 115

C:\Program Files (x86)\Microchip\xc8\v2.05\pic\sources\c90\common\strncat.c
		_strncat       		CODE           	8456	0000	133

C:\Program Files (x86)\Microchip\xc8\v2.05\pic\sources\c90\common\strncat.c estimated size: 133

C:\Program Files (x86)\Microchip\xc8\v2.05\pic\sources\c90\common\evalpoly.c
		_eval_poly     		CODE           	6AB6	0000	253

C:\Program Files (x86)\Microchip\xc8\v2.05\pic\sources\c90\common\evalpoly.c estimated size: 253

mcc_generated_files/LoRaWAN/lorawan_init.c
		_DIO0_ISR_Lora_Init		CODE           	A646	0000	17
		_DIO1_ISR_Lora_Init		CODE           	A636	0000	17
		_DIO2_ISR_Lora_Init		CODE           	A626	0000	17
		_DIO3_ISR_Lora_Init		CODE           	A834	0000	3
		_DIO4_ISR_Lora_Init		CODE           	A832	0000	3
		_LORAWAN_PlatformInit		CODE           	A210	0000	35
		_DIO5_ISR_Lora_Init		CODE           	A830	0000	3

mcc_generated_files/LoRaWAN/lorawan_init.c estimated size: 95

mcc_generated_files/LoRaWAN/radio_driver_hal.c
		_HALDIO5PinValue		CODE           	A6C6	0000	13
		_HALResetPinMakeInput		CODE           	A81A	0000	5
		_HALResetPinMakeOutput		CODE           	A816	0000	5
		_HALResetPinOutputValue		CODE           	A50A	0000	27
		_HALSPISend    		CODE           	A6AC	0000	15
		_HALSPICSDeassert		CODE           	A80E	0000	5
		_HALSPICSAssert		CODE           	A812	0000	5

mcc_generated_files/LoRaWAN/radio_driver_hal.c estimated size: 75

mcc_generated_files/LoRaWAN/lorawan_aes_cmac.c
		_GenerateSubkey		CODE           	5E00	0000	299
		_AESCmac       		CODE           	1B5A	0000	861
		_FillSubKey    		CODE           	9358	0000	83

mcc_generated_files/LoRaWAN/lorawan_aes_cmac.c estimated size: 1243

C:\Program Files (x86)\Microchip\xc8\v2.05\pic\sources\c90\common\ltdiv.c
		___ltdiv       		CODE           	8B82	0000	109

C:\Program Files (x86)\Microchip\xc8\v2.05\pic\sources\c90\common\ltdiv.c estimated size: 109

mcc_generated_files/LoRaWAN/radio_driver_SX1276.c
		_RADIO_ReceiveStart		CODE           	3CD4	0000	561
		_RADIO_Init    		CODE           	4AC6	0000	459
		_RADIO_SetSpreadingFactor		CODE           	A774	0000	11
		_RADIO_WriteConfiguration		CODE           	12D6	0000	1275
		_RADIO_RxFSKTimeout		CODE           	9A5E	0000	61
		_RADIO_WriteFSKBitRate		CODE           	8D2A	0000	105
		_RADIO_WriteMode		CODE           	6BB2	0000	253
		_RADIO_Reset   		CODE           	97D0	0000	71
		_RADIO_GetStatus		CODE           	A7E0	0000	7
		_RADIO_RxDone  		CODE           	726E	0000	229
		_RADIO_WriteFSKFrequencyDeviation		CODE           	8C58	0000	107
		_RADIO_GetPacketSnr		CODE           	A7DA	0000	7
		_RADIO_SetModulation		CODE           	A77E	0000	11
		_RADIO_RegisterWrite		CODE           	A2D6	0000	33
		_RADIO_ReadRandom		CODE           	7EC2	0000	161
		_RADIO_ReleaseData		CODE           	A7E6	0000	7
		_RADIO_FSKPacketSent		CODE           	64A4	0000	269
		_RADIO_RegisterRead		CODE           	A136	0000	41
		_RADIO_SetBandwidth		CODE           	A792	0000	11
		_RADIO_ReceiveStop		CODE           	A2B6	0000	33
		_RADIO_DIO0    		CODE           	81AE	0000	139
		_RADIO_DIO1    		CODE           	958C	0000	77
		_RADIO_DIO2    		CODE           	944E	0000	81
		_RADIO_DIO3    		CODE           	A44A	0000	29
		_RADIO_DIO4    		CODE           	A42E	0000	29
		_RADIO_DIO5    		CODE           	A412	0000	29
		_RADIO_FHSSChangeChannel		CODE           	9A9A	0000	61
		_RADIO_TxDone  		CODE           	65B0	0000	261
		_RADIO_SetFrequencyHopPeriod		CODE           	A788	0000	11
		_RADIO_FSKPayloadReady		CODE           	7D6C	0000	179
		_RADIO_SetLoRaSyncWord		CODE           	A79C	0000	11
		_RADIO_SetIQInverted		CODE           	A760	0000	11
		_RADIO_SetFSKSyncWord		CODE           	9D6C	0000	49
		_RADIO_RxTimeout		CODE           	9DCC	0000	47
		_RADIO_WritePower		CODE           	7180	0000	239
		_RADIO_SetOutputPower		CODE           	A756	0000	11
		_RADIO_WatchdogTimeout		CODE           	96FE	0000	71
		_RADIO_SetChannelFrequency		CODE           	8238	0000	139
		_RADIO_Transmit		CODE           	3F04	0000	549
		_RADIO_UnhandledInterrupt		CODE           	9CDC	0000	49
		_RADIO_SetCRC  		CODE           	A76A	0000	11
		_RADIO_WriteFrequency		CODE           	7090	0000	241

mcc_generated_files/LoRaWAN/radio_driver_SX1276.c estimated size: 6036

mcc_generated_files/ext_int.c
		_INT1_SetInterruptHandler		CODE           	A72E	0000	11
		_EXT_INT_Initialize		CODE           	A042	0000	43
		_INT2_SetInterruptHandler		CODE           	A724	0000	11
		_INT1_DefaultInterruptHandler		CODE           	A83C	0000	3
		_INT1_CallBack 		CODE           	A3B6	0000	33
		_INT2_DefaultInterruptHandler		CODE           	A83A	0000	3
		_INT2_CallBack 		CODE           	A396	0000	33
		_INT1_ISR      		CODE           	A7D2	0000	9
		_INT2_ISR      		CODE           	A7CA	0000	9

mcc_generated_files/ext_int.c estimated size: 155

C:\Program Files (x86)\Microchip\xc8\v2.05\pic\sources\c90\common\awdiv.c
		___awdiv       		CODE           	834A	0000	135

C:\Program Files (x86)\Microchip\xc8\v2.05\pic\sources\c90\common\awdiv.c estimated size: 135

mcc_generated_files/LoRaWAN/tmr_lora_addons.c
		_TMR_ISR_Lora_Init		CODE           	A616	0000	17
		_TMR_ISR_lora  		CODE           	91B2	0000	87

mcc_generated_files/LoRaWAN/tmr_lora_addons.c estimated size: 104

mcc_generated_files/tmr5.c
		_TMR5_ISR      		CODE           	9F0E	0000	47
		_TMR5_Initialize		CODE           	9C4A	0000	51
		_TMR5_InterruptTicker		CODE           	A7A6	0000	11
		_TMR5_SetInterruptHandler		CODE           	A6FC	0000	11
		_TMR5_StopTimer		CODE           	A7EC	0000	7
		_TMR5_WriteTimer		CODE           	A3F4	0000	31
		_TMR5_StartTimer		CODE           	A7F2	0000	7

mcc_generated_files/tmr5.c estimated size: 165

shared
		_spreadingFactor		MEDIUMCONST    	FF35	0000	8
		_maxPayloadSize		MEDIUMCONST    	FF17	0000	9
		_DefaultChannels433		MEDIUMCONST    	FF80	0000	43
		_FskSyncWordBuff		MEDIUMCONST    	FFF2	0000	4
		i2___awdiv     		CODE           	855E	0000	133
		_rxWindowSize  		MEDIUMCONST    	FF1F	0000	9
		i2_TMR_SwapTimer		CODE           	99A2	0000	65
		i2_TMR1_ReadTimer		CODE           	A356	0000	33
		_DefaultChannels868		MEDIUMCONST    	FF48	0000	57
		_macEndDevCmdReplyLen		MEDIUMCONST    	FF27	0000	8
		__initialization		CODE           	783E	0000	189
		_txPower433    		MEDIUMCONST    	0000	0000	0
		_txPower868    		MEDIUMCONST    	FF42	0000	7
		i2_TMR1_WriteTimer		CODE           	A4BA	0000	29
		_rxWindowOffset		MEDIUMCONST    	FF0F	0000	9
		_STable        		MEDIUMCONST    	FE07	0000	257
		_modulation    		MEDIUMCONST    	FF07	0000	9
		log@coeff      		MEDIUMCONST    	FFAA	0000	37
		i2_SwTimersInterrupt		CODE           	6EA6	0000	249
		_bandwidth     		MEDIUMCONST    	FF2E	0000	8
		sin@coeff_a    		MEDIUMCONST    	FFCE	0000	21
		sin@coeff_b    		MEDIUMCONST    	FFE2	0000	17
		i2_TMR_GetDeltaTime		CODE           	68B8	0000	257

shared estimated size: 1458

C:\Program Files (x86)\Microchip\xc8\v2.05\pic\sources\c90\common\sprcmul.c
		___flmul       		CODE           	1EB6	0000	853

C:\Program Files (x86)\Microchip\xc8\v2.05\pic\sources\c90\common\sprcmul.c estimated size: 853

mcc_generated_files/LoRaWAN/lorawan_eu.c
		_ExecuteNewChannel		CODE           	4544	0000	493
		_ExecuteLinkAdr		CODE           	48FC	0000	459
		_UpdateDataRange		CODE           	6396	0000	271
		_UpdateDutyCycle		CODE           	9B7E	0000	53
		_ValidateChannelMaskCntl		CODE           	A296	0000	33
		_LORAWAN_RxTimeout		CODE           	31AE	0000	769
		_ValidateChannelId		CODE           	A184	0000	37
		_InitDefault433Channels		CODE           	89B4	0000	121
		_DutyCycleCallback		CODE           	2EA8	0000	775
		_InitDefault868Channels		CODE           	893C	0000	121
		_SelectChannelForTransmission		CODE           	8CC2	0000	105
		_ValidateChannelMask		CODE           	9624	0000	75
		_ValidateDataRate		CODE           	A53C	0000	25
		_ValidateRxOffset		CODE           	A524	0000	25
		_ValidateDataRange		CODE           	9744	0000	71
		_SetCallbackSoftwareTimers		CODE           	7352	0000	223
		_StartReTxTimer		CODE           	5528	0000	339
		_SearchAvailableChannel		CODE           	67B6	0000	259
		_EnableChannels		CODE           	A482	0000	29
		_UpdateFrequency		CODE           	9AD6	0000	61
		_ValidateFrequency		CODE           	8B16	0000	109
		_EnableChannels1		CODE           	8BEE	0000	107
		_ExecuteRxParamSetupReq		CODE           	53CC	0000	349
		_UpdateDLSettings		CODE           	A466	0000	29
		_GetRx1Freq    		CODE           	A5AC	0000	19
		_ValidateTxPower		CODE           	9FEE	0000	43
		_LORAWAN_Init  		CODE           	8F24	0000	99
		_ConfigureRadioTx		CODE           	95D8	0000	77
		_LORAWAN_Reset 		CODE           	4730	0000	461
		_ExecuteDutyCycle		CODE           	9208	0000	85
		_UpdateCfList  		CODE           	4128	0000	533
		_LORAWAN_SetChannelIdStatus		CODE           	9A20	0000	63
		_StopAllSoftwareTimers		CODE           	93AA	0000	83
		_UpdateChannelIdStatus		CODE           	6048	0000	287
		_ConfigureRadio		CODE           	7F62	0000	155
		_LORAWAN_TxDone		CODE           	0BD8	0000	1791
		_ExecuteDevStatus		CODE           	A6F2	0000	11
		_CreateAllSoftwareTimers		CODE           	93FC	0000	83

mcc_generated_files/LoRaWAN/lorawan_eu.c estimated size: 8728

C:\Program Files (x86)\Microchip\xc8\v2.05\pic\sources\c90\common\Umul32.c
		___lmul        		CODE           	915A	0000	89

C:\Program Files (x86)\Microchip\xc8\v2.05\pic\sources\c90\common\Umul32.c estimated size: 89

mcc_generated_files/mcc.c
		_OSCILLATOR_Initialize		CODE           	A69E	0000	15
		_SYSTEM_Initialize		CODE           	9DFA	0000	47

mcc_generated_files/mcc.c estimated size: 62

mcc_generated_files/tmr3.c
		_TMR3_ISR      		CODE           	9F3C	0000	47
		_TMR3ISRClock  		CODE           	A7F8	0000	7
		_TMR3_Initialize		CODE           	9FC2	0000	45
		_TMR3_SetInterruptHandler		CODE           	A706	0000	11
		_TMR3_StopTimer		CODE           	A802	0000	5
		_TMR3_WriteTimer		CODE           	A49E	0000	29
		_TMR3_StartTimer		CODE           	A806	0000	5

mcc_generated_files/tmr3.c estimated size: 149

C:\Program Files (x86)\Microchip\xc8\v2.05\pic\sources\c90\common\sprcdiv.c
		___fldiv       		CODE           	3A4A	0000	651

C:\Program Files (x86)\Microchip\xc8\v2.05\pic\sources\c90\common\sprcdiv.c estimated size: 651

mcc_generated_files/tmr1.c
		_TMR1_Initialize		CODE           	9E28	0000	47
		_TMR1_SetInterruptHandler		CODE           	A710	0000	11
		_TMR1_DefaultInterruptHandler		CODE           	A836	0000	3
		_TMR1_CallBack 		CODE           	A336	0000	33
		_TMR1_WriteTimer		CODE           	A316	0000	33
		_TMR1_ReadTimer		CODE           	A254	0000	35
		_TMR1_ISR      		CODE           	A598	0000	21

mcc_generated_files/tmr1.c estimated size: 183

C:\Program Files (x86)\Microchip\xc8\v2.05\pic\sources\c90\common\xxtofl.c
		___xxtofl      		CODE           	57CA	0000	325

C:\Program Files (x86)\Microchip\xc8\v2.05\pic\sources\c90\common\xxtofl.c estimated size: 325

mcc_generated_files/LoRaWAN/AES.c
		_AESEncode     		CODE           	34AE	0000	769
		_EncKeySchedule		CODE           	37AE	0000	669
		_EncodeShiftRow		CODE           	510A	0000	357

mcc_generated_files/LoRaWAN/AES.c estimated size: 1795

mcc_generated_files/spi2.c
		_SPI2_Exchange8bit		CODE           	A5F4	0000	19
		_SPI2_Initialize		CODE           	A690	0000	15

mcc_generated_files/spi2.c estimated size: 34

C:\Program Files (x86)\Microchip\xc8\v2.05\pic\sources\c90\common\rand.c
		_srand         		CODE           	A656	0000	17
		_rand          		CODE           	90FE	0000	93

C:\Program Files (x86)\Microchip\xc8\v2.05\pic\sources\c90\common\rand.c estimated size: 110

C:\Program Files (x86)\Microchip\xc8\v2.05\pic\sources\c90\common\memset.c
		_memset        		CODE           	9EE0	0000	47

C:\Program Files (x86)\Microchip\xc8\v2.05\pic\sources\c90\common\memset.c estimated size: 47

C:\Program Files (x86)\Microchip\xc8\v2.05\pic\sources\c90\common\__lldiv.c
		___lldiv       		CODE           	84DA	0000	133

C:\Program Files (x86)\Microchip\xc8\v2.05\pic\sources\c90\common\__lldiv.c estimated size: 133

main.c
		_RxData        		CODE           	A82E	0000	3
		_main          		CODE           	66B4	0000	259
		_RxJoinResponse		CODE           	9BE6	0000	51

main.c estimated size: 313

rn2483APP.c
		_GPIOInit      		CODE           	5CC6	0000	315
		_rn2483_IdleInitialization		CODE           	A7BA	0000	9
		_GPIOAverageRead		CODE           	87D2	0000	123
		_GPIODigitalWrite		CODE           	6DAA	0000	253
		_GPIOSet       		CODE           	6CAE	0000	253
		_rn2483_GoToIdle		CODE           	A56C	0000	23
		_uint16ToString		CODE           	590E	0000	321
		_rn2483_delaysec		CODE           	9962	0000	65
		_adaptString   		CODE           	88C4	0000	121
		_GPIOAnalogRead		CODE           	A3D6	0000	31
		_GPIOAnalogMode		CODE           	6282	0000	277
		_acquisitionData		CODE           	A1EE	0000	35
		_GPIODigitalRead		CODE           	7A84	0000	191
		_isJoined      		CODE           	A276	0000	33

rn2483APP.c estimated size: 2050

C:\Program Files (x86)\Microchip\xc8\v2.05\pic\sources\c90\common\fleq.c
		___fleq        		CODE           	8122	0000	141

C:\Program Files (x86)\Microchip\xc8\v2.05\pic\sources\c90\common\fleq.c estimated size: 141

C:\Program Files (x86)\Microchip\xc8\v2.05\pic\sources\c90\common\lwmod.c
		___lwmod       		CODE           	9816	0000	69

C:\Program Files (x86)\Microchip\xc8\v2.05\pic\sources\c90\common\lwmod.c estimated size: 69

C:\Program Files (x86)\Microchip\xc8\v2.05\pic\sources\c90\common\abdiv.c
		___abdiv       		CODE           	8DFA	0000	103

C:\Program Files (x86)\Microchip\xc8\v2.05\pic\sources\c90\common\abdiv.c estimated size: 103

