Microchip MPLAB XC8 Compiler V2.05 ()

Linker command line:

-W-3 --edf=C:\Program Files (x86)\Microchip\xc8\v2.05\pic\dat\en_msgs.txt \
  -cs -h+dist/default/production\My1_1_21-07.X.production.sym \
  --cmf=dist/default/production\My1_1_21-07.X.production.cmf -z -Q18LF46K22 \
  -oC:\Users\loren\AppData\Local\Temp\sms4.2 --defsym=__MPLAB_BUILD=1 \
  -Mdist/default/production/My1_1_21-07.X.production.map -E1 -ver=XC8 \
  --acfsm=1493 -ASTACK=08D6h-0F37h -pstack=STACK -ACODE=00h-0FFFFh \
  -ACONST=00h-0FFFFh -ASMALLCONST=01000h-010FFhx240 \
  -AMEDIUMCONST=01000h-0FFFFh -ACOMRAM=01h-05Fh -AABS1=00h-0F37h \
  -ABIGRAM=01h-0F37h -ARAM=060h-0FFh,0100h-01FFhx14,0F00h-0F37h \
  -ABANK0=060h-0FFh -ABANK1=0100h-01FFh -ABANK2=0200h-02FFh \
  -ABANK3=0300h-03FFh -ABANK4=0400h-04FFh -ABANK5=0500h-05FFh \
  -ABANK6=0600h-06FFh -ABANK7=0700h-07FFh -ABANK8=0800h-08FFh \
  -ABANK9=0900h-09FFh -ABANK10=0A00h-0AFFh -ABANK11=0B00h-0BFFh \
  -ABANK12=0C00h-0CFFh -ABANK13=0D00h-0DFFh -ABANK14=0E00h-0EFFh \
  -ABANK15=0F00h-0F37h -ASFR=0F38h-0F5Fh,0F60h-0FFFh \
  -preset_vec=00h,intcode=08h,intcodelo,powerup,init -pramtop=01000h \
  -psmallconst=SMALLCONST -pmediumconst=MEDIUMCONST -pconst=CONST \
  -AFARRAM=00h-00h -ACONFIG=0300000h-030000Dh -pconfig=CONFIG \
  -AIDLOC=0200000h-0200007h -pidloc=IDLOC -AEEDATA=0F00000h-0F003FFh \
  -peeprom_data=EEDATA \
  -prdata=COMRAM,nvrram=COMRAM,nvbit=COMRAM,rbss=COMRAM,rbit=COMRAM \
  -pfarbss=FARRAM,fardata=FARRAM,nvFARRAM=FARRAM \
  -pintsave_regs=BIGRAM,bigbss=BIGRAM,bigdata=BIGRAM -pbss=RAM \
  -pidata=CODE,irdata=CODE,ibigdata=CODE,ifardata=CODE -prparam=COMRAM \
  C:\Users\loren\AppData\Local\Temp\sms4.o \
  dist/default/production\My1_1_21-07.X.production.o 

Object code version is 3.11

Machine type is 18LF46K22

Call graph: (short form)




                Name                               Link     Load   Length Selector   Space Scale
C:\Users\loren\AppData\Local\Temp\sms4.o
                stack                               8D6      8D6      662      8D6       2
                init                                 A4       A4        8        4       0
                reset_vec                             0        0        4        0       0
                idloc                            200000   200000        8   200000       0
                config                           300000   300000        E   300000       0
dist/default/production\My1_1_21-07.X.production.o
                intcode                               8        8       9C        4       0
                temp                                 46       46        C        1       1
                mediumconst                        FE06     FE06      1FA     7F03       0
                text287                            A95E     A95E        4        4       0
                text286                            A970     A970        2        4       0
                text285                            A95A     A95A        4        4       0
                text284                            A4F0     A4F0       20        4       0
                text283                            A906     A906        8        4       0
                text282                            A96E     A96E        2        4       0
                text281                            A956     A956        4        4       0
                text280                            A4D0     A4D0       20        4       0
                text279                            A8FE     A8FE        8        4       0
                text278                            A96C     A96C        2        4       0
                text277                            A952     A952        4        4       0
                text276                            A4B0     A4B0       20        4       0
                text275                            A8E4     A8E4        A        4       0
                text274                            A490     A490       20        4       0
                text273                            68DC     68DC      100        4       0
                text272                            6ECA     6ECA       F8        4       0
                text271                            A610     A610       1C        4       0
                text270                            9B0E     9B0E       40        4       0
                text269                            928A     928A       56        4       0
                text268                            A96A     A96A        2        4       0
                text267                            A470     A470       20        4       0
                text266                            A6D8     A6D8       14        4       0
                text265                            A92C     A92C        6        4       0
                text264                            A5F4     A5F4       1C        4       0
                text263                            A076     A076       2E        4       0
                text262                            A1A6     A1A6       2A        4       0
                text261                            8636     8636       84        4       0
                text260                            9526     9526       52        4       0
                text259                            9A4C     9A4C       42        4       0
                text258                            5F2A     5F2A      126        4       0
                text257                            A8F6     A8F6        8        4       0
                text256                            A8DA     A8DA        A        4       0
                text255                            A52E     A52E       1E        4       0
                text254                            A048     A048       2E        4       0
                text252                            7F9E     7F9E       9C        4       0
                text251                            63A8     63A8      114        4       0
                text250                            6DCE     6DCE       FC        4       0
                text249                            6CD2     6CD2       FC        4       0
                text248                            5CC6     5CC6      13A        4       0
                text247                            8B04     8B04       78        4       0
                text246                            94D4     94D4       52        4       0
                text245                            905E     905E       60        4       0
                text244                            A01A     A01A       2E        4       0
                text243                            8A8C     8A8C       78        4       0
                text242                            8A14     8A14       78        4       0
                text241                            9984     9984       44        4       0
                text240                            A38E     A38E       22        4       0
                text239                            628C     628C      11C        4       0
                text238                            69DC     69DC       FE        4       0
                text237                            A450     A450       20        4       0
                text236                            9A0A     9A0A       42        4       0
                text235                            86BA     86BA       82        4       0
                text234                            816C     816C       8E        4       0
                text233                            A430     A430       20        4       0
                text232                            85B2     85B2       84        4       0
                text231                            9232     9232       58        4       0
                text230                            526E     526E      15E        4       0
                text229                            A94E     A94E        4        4       0
                text228                            A94A     A94A        4        4       0
                text227                            A660     A660       1A        4       0
                text226                            9ED6     9ED6       30        4       0
                text225                            98FA     98FA       46        4       0
                text224                            A946     A946        4        4       0
                text223                            A942     A942        4        4       0
                text222                            A734     A734       12        4       0
                text221                            A7EC     A7EC        E        4       0
                text220                            A410     A410       20        4       0
                text219                            8E6A     8E6A       68        4       0
                text218                            70B4     70B4       F0        4       0
                text217                            A806     A806        C        4       0
                text216                            A270     A270       28        4       0
                text215                            6BD6     6BD6       FC        4       0
                text214                            9D1E     9D1E       34        4       0
                text213                            4AC6     4AC6      1CA        4       0
                text212                            A8D0     A8D0        A        4       0
                text211                            9482     9482       52        4       0
                text210                            77B0     77B0       CA        4       0
                text209                            4730     4730      1CC        4       0
                text208                            7EFE     7EFE       A0        4       0
                text207                            745E     745E       DE        4       0
                text206                            A796     A796       10        4       0
                text205                            8FFC     8FFC       62        4       0
                text204                            37AE     37AE      29C        4       0
                text203                            510A     510A      164        4       0
                text202                            34AE     34AE      300        4       0
                text201                            9CB4     9CB4       36        4       0
                text200                            9430     9430       52        4       0
                text199                            5E00     5E00      12A        4       0
                text198                            1B5A     1B5A      35C        4       0
                text197                            8F9A     8F9A       62        4       0
                text196                            9940     9940       44        4       0
                text195                            91D6     91D6       5C        4       0
                text194                            A36C     A36C       22        4       0
                text193                            567A     567A      150        4       0
                text192                            8E02     8E02       68        4       0
                text191                            8D30     8D30       6A        4       0
                text190                            71A4     71A4       EE        4       0
                text189                            12D6     12D6      4FA        4       0
                text188                            3F04     3F04      224        4       0
                text187                            A8C6     A8C6        A        4       0
                text186                            8310     8310       8A        4       0
                text185                            9EA6     9EA6       30        4       0
                text184                            A8BC     A8BC        A        4       0
                text183                            A8B2     A8B2        A        4       0
                text182                            A8A8     A8A8        A        4       0
                text181                            803A     803A       9A        4       0
                text180                            A89E     A89E        A        4       0
                text179                            A894     A894        A        4       0
                text178                            A88A     A88A        A        4       0
                text177                            9702     9702       4C        4       0
                text176                            67DA     67DA      102        4       0
                text175                            8D9A     8D9A       68        4       0
                text174                            A646     A646       1A        4       0
                text173                            7E5A     7E5A       A4        4       0
                text172                            9FEC     9FEC       2E        4       0
                text171                            9FBE     9FBE       2E        4       0
                text170                            9F90     9F90       2E        4       0
                text169                            A6AA     A6AA       18        4       0
                text168                            A880     A880        A        4       0
                text167                            A876     A876        A        4       0
                text166                            A86C     A86C        A        4       0
                text165                            98B4     98B4       46        4       0
                text164                            A862     A862        A        4       0
                text163                            A858     A858        A        4       0
                text162                            A17C     A17C       2A        4       0
                text161                            A93E     A93E        4        4       0
                text160                            A786     A786       10        4       0
                text159                            A776     A776       10        4       0
                text158                            A84E     A84E        A        4       0
                text157                            A766     A766       10        4       0
                text156                            A968     A968        2        4       0
                text155                            A966     A966        2        4       0
                text154                            A964     A964        2        4       0
                text153                            A8EE     A8EE        8        4       0
                text152                            A844     A844        A        4       0
                text151                            A756     A756       10        4       0
                text150                            A34A     A34A       22        4       0
                text149                            A7DE     A7DE        E        4       0
                text148                            93DC     93DC       54        4       0
                text147                            A7D0     A7D0        E        4       0
                text146                            9F62     9F62       2E        4       0
                text145                            A83A     A83A        A        4       0
                text144                            A0FC     A0FC       2C        4       0
                text143                            A830     A830        A        4       0
                text142                            9D84     9D84       32        4       0
                text141                            9F34     9F34       2E        4       0
                text140                            A722     A722       12        4       0
                text139                            A710     A710       12        4       0
                text138                            899C     899C       78        4       0
                text137                            8C5A     8C5A       6C        4       0
                text136                            839A     839A       88        4       0
                text135                            A93A     A93A        4        4       0
                text134                            A936     A936        4        4       0
                text133                            A926     A926        6        4       0
                text132                            A920     A920        6        4       0
                text131                            A62C     A62C       1A        4       0
                text130                            917A     917A       5C        4       0
                text129                            9E76     9E76       30        4       0
                text128                            7AC0     7AC0       BE        4       0
                text127                            A2E2     A2E2       24        4       0
                text126                            A7C2     A7C2        E        4       0
                text125                            A7B4     A7B4        E        4       0
                text124                            9E46     9E46       30        4       0
                text123                            5B8C     5B8C      13A        4       0
                text122                            9388     9388       54        4       0
                text121                            590E     590E      140        4       0
                text120                            9C7E     9C7E       36        4       0
                text119                            9334     9334       54        4       0
                text118                            A510     A510       1E        4       0
                text117                            88AA     88AA       7A        4       0
                text116                            A328     A328       22        4       0
                text115                            A248     A248       28        4       0
                text114                            9ACE     9ACE       40        4       0
                text113                            9668     9668       4E        4       0
                text112                            A6FE     A6FE       12        4       0
                text111                            A152     A152       2A        4       0
                text110                            3CD4     3CD4      230        4       0
                text109                            A3F0     A3F0       20        4       0
                text108                            A91A     A91A        6        4       0
                text107                            A7A6     A7A6        E        4       0
                text106                            A746     A746       10        4       0
                text105                            A962     A962        2        4       0
                text104                            8830     8830       7A        4       0
                text103                            A914     A914        6        4       0
                text102                            A306     A306       22        4       0
                text101                            9A8E     9A8E       40        4       0
                text100                             BD8      BD8      6FE        4       0
                text99                             65CA     65CA      10C        4       0
                text98                             911C     911C       5E        4       0
                text97                             87B6     87B6       7A        4       0
                text96                             80D4     80D4       98        4       0
                text95                             84A8     84A8       86        4       0
                text94                             9618     9618       50        4       0
                text93                             76E6     76E6       CA        4       0
                text92                             7614     7614       D2        4       0
                text91                             8422     8422       86        4       0
                text90                             4E22     4E22      17C        4       0
                text89                             79FE     79FE       C2        4       0
                text88                             A90E     A90E        6        4       0
                text87                             253C     253C      332        4       0
                text86                             17D0     17D0      38A        4       0
                text85                             95C8     95C8       50        4       0
                text84                             6FC2     6FC2       F2        4       0
                text83                             A826     A826        A        4       0
                text82                             92E0     92E0       54        4       0
                text81                             616E     616E      11E        4       0
                text80                             8CC6     8CC6       6A        4       0
                text79                             A5D8     A5D8       1C        4       0
                text78                             A81C     A81C        A        4       0
                text77                             A812     A812        A        4       0
                text76                             974E     974E       4A        4       0
                text75                             A3D0     A3D0       20        4       0
                text74                             A692     A692       18        4       0
                text73                             A128     A128       2A        4       0
                text72                             48FC     48FC      1CA        4       0
                text71                             9D52     9D52       32        4       0
                text70                             A2BE     A2BE       24        4       0
                text69                             9B8C     9B8C       3E        4       0
                text68                             64BC     64BC      10E        4       0
                text67                             9CEA     9CEA       34        4       0
                text66                             9C42     9C42       3C        4       0
                text65                             986E     986E       46        4       0
                text64                             8BEE     8BEE       6C        4       0
                text63                             4544     4544      1EC        4       0
                text62                             A6C2     A6C2       16        4       0
                text61                             A67A     A67A       18        4       0
                text60                             53CC     53CC      15C        4       0
                text59                             A220     A220       28        4       0
                text58                             99C8     99C8       42        4       0
                text57                             A1F8     A1F8       28        4       0
                text56                             433C     433C      208        4       0
                text55                             A5BC     A5BC       1C        4       0
                text54                             A0D0     A0D0       2C        4       0
                text53                             873C     873C       7A        4       0
                text52                             5528     5528      152        4       0
                text51                             4128     4128      214        4       0
                text50                             A5A0     A5A0       1C        4       0
                text49                             8B7C     8B7C       72        4       0
                text48                               AC       AC      B2C        4       0
                text47                             31AE     31AE      300        4       0
                text46                             7DA8     7DA8       B2        4       0
                text45                             8ED2     8ED2       66        4       0
                text44                             737A     737A       E4        4       0
                text43                             66D6     66D6      104        4       0
                text42                             9E16     9E16       30        4       0
                text41                             8286     8286       8A        4       0
                text40                             9C06     9C06       3C        4       0
                text39                             9F06     9F06       2E        4       0
                text38                             96B6     96B6       4C        4       0
                text37                             9578     9578       50        4       0
                text36                             A584     A584       1C        4       0
                text35                             A568     A568       1C        4       0
                text34                             A54C     A54C       1C        4       0
                text33                             A6EC     A6EC       12        4       0
                text32                             8924     8924       78        4       0
                text31                             9BCA     9BCA       3C        4       0
                text30                             9828     9828       46        4       0
                text29                             753C     753C       D8        4       0
                text28                             7C3A     7C3A       B8        4       0
                text27                             4F9E     4F9E      16C        4       0
                text26                             6050     6050      11E        4       0
                text25                             A298     A298       26        4       0
                text24                             5A4E     5A4E      13E        4       0
                text23                             2EA8     2EA8      306        4       0
                text22                             793C     793C       C2        4       0
                text21                             9B4E     9B4E       3E        4       0
                text20                             9DE6     9DE6       30        4       0
                text19                             A0A4     A0A4       2C        4       0
                text18                             8F38     8F38       62        4       0
                text17                             852E     852E       84        4       0
                text16                             97E0     97E0       48        4       0
                text15                             3A4A     3A4A      28A        4       0
                text14                             2B9A     2B9A      30E        4       0
                text13                             9798     9798       48        4       0
                text12                             7B7E     7B7E       BC        4       0
                text11                             57CA     57CA      144        4       0
                text10                             1EB6     1EB6      354        4       0
                text9                              6ADA     6ADA       FC        4       0
                text8                              81FA     81FA       8C        4       0
                text7                              7CF2     7CF2       B6        4       0
                text6                              4C90     4C90      192        4       0
                text5                              286E     286E      32C        4       0
                text4                              90BE     90BE       5E        4       0
                text3                              220A     220A      332        4       0
                text2                              9DB6     9DB6       30        4       0
                text1                              A3B0     A3B0       20        4       0
                text0                              7292     7292       E8        4       0
                cstackCOMRAM                          1        1       31        1       1
                cstackBANK0                          60       60       9C       60       1
                cstackBANK1                         174      174       69      100       1
                bssBIGRAM                           528      528      3AE      528       1
                bssBANK5                            500      500       28      500       1
                bssBANK4                            400      400       F4      400       1
                dataBANK3                           3D0      3D0       28      300       1
                bssBANK3                            300      300       D0      300       1
                bssBANK2                            200      200       FA      200       1
                dataBANK1                           1EF      1EF        C      100       1
                bssBANK1                            100      100       74      100       1
                dataCOMRAM                           52       52        4        1       1
                bssCOMRAM                            32       32       14        1       1
                cinit                              787A     787A       C2        4       0
                nvBANK2                             2FA      2FA        6      200       1
                nvBANK1                             1DD      1DD       12      100       1
                idataBANK3                         A1D0     A1D0       28        4       0
                idataBANK1                         A7FA     A7FA        C        4       0
                idataCOMRAM                        A932     A932        4        4       0

TOTAL           Name                               Link     Load   Length     Space
        CLASS   STACK          
                stack                               8D6      8D6      662         2

        CLASS   CODE           
                intcode                               8        8       9C         0
                init                                 A4       A4        8         0
                reset_vec                             0        0        4         0
                text287                            A95E     A95E        4         0
                text286                            A970     A970        2         0
                text285                            A95A     A95A        4         0
                text284                            A4F0     A4F0       20         0
                text283                            A906     A906        8         0
                text282                            A96E     A96E        2         0
                text281                            A956     A956        4         0
                text280                            A4D0     A4D0       20         0
                text279                            A8FE     A8FE        8         0
                text278                            A96C     A96C        2         0
                text277                            A952     A952        4         0
                text276                            A4B0     A4B0       20         0
                text275                            A8E4     A8E4        A         0
                text274                            A490     A490       20         0
                text273                            68DC     68DC      100         0
                text272                            6ECA     6ECA       F8         0
                text271                            A610     A610       1C         0
                text270                            9B0E     9B0E       40         0
                text269                            928A     928A       56         0
                text268                            A96A     A96A        2         0
                text267                            A470     A470       20         0
                text266                            A6D8     A6D8       14         0
                text265                            A92C     A92C        6         0
                text264                            A5F4     A5F4       1C         0
                text263                            A076     A076       2E         0
                text262                            A1A6     A1A6       2A         0
                text261                            8636     8636       84         0
                text260                            9526     9526       52         0
                text259                            9A4C     9A4C       42         0
                text258                            5F2A     5F2A      126         0
                text257                            A8F6     A8F6        8         0
                text256                            A8DA     A8DA        A         0
                text255                            A52E     A52E       1E         0
                text254                            A048     A048       2E         0
                text252                            7F9E     7F9E       9C         0
                text251                            63A8     63A8      114         0
                text250                            6DCE     6DCE       FC         0
                text249                            6CD2     6CD2       FC         0
                text248                            5CC6     5CC6      13A         0
                text247                            8B04     8B04       78         0
                text246                            94D4     94D4       52         0
                text245                            905E     905E       60         0
                text244                            A01A     A01A       2E         0
                text243                            8A8C     8A8C       78         0
                text242                            8A14     8A14       78         0
                text241                            9984     9984       44         0
                text240                            A38E     A38E       22         0
                text239                            628C     628C      11C         0
                text238                            69DC     69DC       FE         0
                text237                            A450     A450       20         0
                text236                            9A0A     9A0A       42         0
                text235                            86BA     86BA       82         0
                text234                            816C     816C       8E         0
                text233                            A430     A430       20         0
                text232                            85B2     85B2       84         0
                text231                            9232     9232       58         0
                text230                            526E     526E      15E         0
                text229                            A94E     A94E        4         0
                text228                            A94A     A94A        4         0
                text227                            A660     A660       1A         0
                text226                            9ED6     9ED6       30         0
                text225                            98FA     98FA       46         0
                text224                            A946     A946        4         0
                text223                            A942     A942        4         0
                text222                            A734     A734       12         0
                text221                            A7EC     A7EC        E         0
                text220                            A410     A410       20         0
                text219                            8E6A     8E6A       68         0
                text218                            70B4     70B4       F0         0
                text217                            A806     A806        C         0
                text216                            A270     A270       28         0
                text215                            6BD6     6BD6       FC         0
                text214                            9D1E     9D1E       34         0
                text213                            4AC6     4AC6      1CA         0
                text212                            A8D0     A8D0        A         0
                text211                            9482     9482       52         0
                text210                            77B0     77B0       CA         0
                text209                            4730     4730      1CC         0
                text208                            7EFE     7EFE       A0         0
                text207                            745E     745E       DE         0
                text206                            A796     A796       10         0
                text205                            8FFC     8FFC       62         0
                text204                            37AE     37AE      29C         0
                text203                            510A     510A      164         0
                text202                            34AE     34AE      300         0
                text201                            9CB4     9CB4       36         0
                text200                            9430     9430       52         0
                text199                            5E00     5E00      12A         0
                text198                            1B5A     1B5A      35C         0
                text197                            8F9A     8F9A       62         0
                text196                            9940     9940       44         0
                text195                            91D6     91D6       5C         0
                text194                            A36C     A36C       22         0
                text193                            567A     567A      150         0
                text192                            8E02     8E02       68         0
                text191                            8D30     8D30       6A         0
                text190                            71A4     71A4       EE         0
                text189                            12D6     12D6      4FA         0
                text188                            3F04     3F04      224         0
                text187                            A8C6     A8C6        A         0
                text186                            8310     8310       8A         0
                text185                            9EA6     9EA6       30         0
                text184                            A8BC     A8BC        A         0
                text183                            A8B2     A8B2        A         0
                text182                            A8A8     A8A8        A         0
                text181                            803A     803A       9A         0
                text180                            A89E     A89E        A         0
                text179                            A894     A894        A         0
                text178                            A88A     A88A        A         0
                text177                            9702     9702       4C         0
                text176                            67DA     67DA      102         0
                text175                            8D9A     8D9A       68         0
                text174                            A646     A646       1A         0
                text173                            7E5A     7E5A       A4         0
                text172                            9FEC     9FEC       2E         0
                text171                            9FBE     9FBE       2E         0
                text170                            9F90     9F90       2E         0
                text169                            A6AA     A6AA       18         0
                text168                            A880     A880        A         0
                text167                            A876     A876        A         0
                text166                            A86C     A86C        A         0
                text165                            98B4     98B4       46         0
                text164                            A862     A862        A         0
                text163                            A858     A858        A         0
                text162                            A17C     A17C       2A         0
                text161                            A93E     A93E        4         0
                text160                            A786     A786       10         0
                text159                            A776     A776       10         0
                text158                            A84E     A84E        A         0
                text157                            A766     A766       10         0
                text156                            A968     A968        2         0
                text155                            A966     A966        2         0
                text154                            A964     A964        2         0
                text153                            A8EE     A8EE        8         0
                text152                            A844     A844        A         0
                text151                            A756     A756       10         0
                text150                            A34A     A34A       22         0
                text149                            A7DE     A7DE        E         0
                text148                            93DC     93DC       54         0
                text147                            A7D0     A7D0        E         0
                text146                            9F62     9F62       2E         0
                text145                            A83A     A83A        A         0
                text144                            A0FC     A0FC       2C         0
                text143                            A830     A830        A         0
                text142                            9D84     9D84       32         0
                text141                            9F34     9F34       2E         0
                text140                            A722     A722       12         0
                text139                            A710     A710       12         0
                text138                            899C     899C       78         0
                text137                            8C5A     8C5A       6C         0
                text136                            839A     839A       88         0
                text135                            A93A     A93A        4         0
                text134                            A936     A936        4         0
                text133                            A926     A926        6         0
                text132                            A920     A920        6         0
                text131                            A62C     A62C       1A         0
                text130                            917A     917A       5C         0
                text129                            9E76     9E76       30         0
                text128                            7AC0     7AC0       BE         0
                text127                            A2E2     A2E2       24         0
                text126                            A7C2     A7C2        E         0
                text125                            A7B4     A7B4        E         0
                text124                            9E46     9E46       30         0
                text123                            5B8C     5B8C      13A         0
                text122                            9388     9388       54         0
                text121                            590E     590E      140         0
                text120                            9C7E     9C7E       36         0
                text119                            9334     9334       54         0
                text118                            A510     A510       1E         0
                text117                            88AA     88AA       7A         0
                text116                            A328     A328       22         0
                text115                            A248     A248       28         0
                text114                            9ACE     9ACE       40         0
                text113                            9668     9668       4E         0
                text112                            A6FE     A6FE       12         0
                text111                            A152     A152       2A         0
                text110                            3CD4     3CD4      230         0
                text109                            A3F0     A3F0       20         0
                text108                            A91A     A91A        6         0
                text107                            A7A6     A7A6        E         0
                text106                            A746     A746       10         0
                text105                            A962     A962        2         0
                text104                            8830     8830       7A         0
                text103                            A914     A914        6         0
                text102                            A306     A306       22         0
                text101                            9A8E     9A8E       40         0
                text100                             BD8      BD8      6FE         0
                text99                             65CA     65CA      10C         0
                text98                             911C     911C       5E         0
                text97                             87B6     87B6       7A         0
                text96                             80D4     80D4       98         0
                text95                             84A8     84A8       86         0
                text94                             9618     9618       50         0
                text93                             76E6     76E6       CA         0
                text92                             7614     7614       D2         0
                text91                             8422     8422       86         0
                text90                             4E22     4E22      17C         0
                text89                             79FE     79FE       C2         0
                text88                             A90E     A90E        6         0
                text87                             253C     253C      332         0
                text86                             17D0     17D0      38A         0
                text85                             95C8     95C8       50         0
                text84                             6FC2     6FC2       F2         0
                text83                             A826     A826        A         0
                text82                             92E0     92E0       54         0
                text81                             616E     616E      11E         0
                text80                             8CC6     8CC6       6A         0
                text79                             A5D8     A5D8       1C         0
                text78                             A81C     A81C        A         0
                text77                             A812     A812        A         0
                text76                             974E     974E       4A         0
                text75                             A3D0     A3D0       20         0
                text74                             A692     A692       18         0
                text73                             A128     A128       2A         0
                text72                             48FC     48FC      1CA         0
                text71                             9D52     9D52       32         0
                text70                             A2BE     A2BE       24         0
                text69                             9B8C     9B8C       3E         0
                text68                             64BC     64BC      10E         0
                text67                             9CEA     9CEA       34         0
                text66                             9C42     9C42       3C         0
                text65                             986E     986E       46         0
                text64                             8BEE     8BEE       6C         0
                text63                             4544     4544      1EC         0
                text62                             A6C2     A6C2       16         0
                text61                             A67A     A67A       18         0
                text60                             53CC     53CC      15C         0
                text59                             A220     A220       28         0
                text58                             99C8     99C8       42         0
                text57                             A1F8     A1F8       28         0
                text56                             433C     433C      208         0
                text55                             A5BC     A5BC       1C         0
                text54                             A0D0     A0D0       2C         0
                text53                             873C     873C       7A         0
                text52                             5528     5528      152         0
                text51                             4128     4128      214         0
                text50                             A5A0     A5A0       1C         0
                text49                             8B7C     8B7C       72         0
                text48                               AC       AC      B2C         0
                text47                             31AE     31AE      300         0
                text46                             7DA8     7DA8       B2         0
                text45                             8ED2     8ED2       66         0
                text44                             737A     737A       E4         0
                text43                             66D6     66D6      104         0
                text42                             9E16     9E16       30         0
                text41                             8286     8286       8A         0
                text40                             9C06     9C06       3C         0
                text39                             9F06     9F06       2E         0
                text38                             96B6     96B6       4C         0
                text37                             9578     9578       50         0
                text36                             A584     A584       1C         0
                text35                             A568     A568       1C         0
                text34                             A54C     A54C       1C         0
                text33                             A6EC     A6EC       12         0
                text32                             8924     8924       78         0
                text31                             9BCA     9BCA       3C         0
                text30                             9828     9828       46         0
                text29                             753C     753C       D8         0
                text28                             7C3A     7C3A       B8         0
                text27                             4F9E     4F9E      16C         0
                text26                             6050     6050      11E         0
                text25                             A298     A298       26         0
                text24                             5A4E     5A4E      13E         0
                text23                             2EA8     2EA8      306         0
                text22                             793C     793C       C2         0
                text21                             9B4E     9B4E       3E         0
                text20                             9DE6     9DE6       30         0
                text19                             A0A4     A0A4       2C         0
                text18                             8F38     8F38       62         0
                text17                             852E     852E       84         0
                text16                             97E0     97E0       48         0
                text15                             3A4A     3A4A      28A         0
                text14                             2B9A     2B9A      30E         0
                text13                             9798     9798       48         0
                text12                             7B7E     7B7E       BC         0
                text11                             57CA     57CA      144         0
                text10                             1EB6     1EB6      354         0
                text9                              6ADA     6ADA       FC         0
                text8                              81FA     81FA       8C         0
                text7                              7CF2     7CF2       B6         0
                text6                              4C90     4C90      192         0
                text5                              286E     286E      32C         0
                text4                              90BE     90BE       5E         0
                text3                              220A     220A      332         0
                text2                              9DB6     9DB6       30         0
                text1                              A3B0     A3B0       20         0
                text0                              7292     7292       E8         0
                cinit                              787A     787A       C2         0
                idataBANK3                         A1D0     A1D0       28         0
                idataBANK1                         A7FA     A7FA        C         0
                idataCOMRAM                        A932     A932        4         0

        CLASS   CONST          

        CLASS   SMALLCONST     

        CLASS   MEDIUMCONST    
                mediumconst                        FE06     FE06      1FA         0

        CLASS   COMRAM         
                temp                                 46       46        C         1
                cstackCOMRAM                          1        1       31         1
                dataCOMRAM                           52       52        4         1
                bssCOMRAM                            32       32       14         1

        CLASS   ABS1           

        CLASS   BIGRAM         
                bssBIGRAM                           528      528      3AE         1

        CLASS   RAM            

        CLASS   BANK0          
                cstackBANK0                          60       60       9C         1

        CLASS   BANK1          
                cstackBANK1                         174      174       69         1
                dataBANK1                           1EF      1EF        C         1
                bssBANK1                            100      100       74         1
                nvBANK1                             1DD      1DD       12         1

        CLASS   BANK2          
                bssBANK2                            200      200       FA         1
                nvBANK2                             2FA      2FA        6         1

        CLASS   BANK3          
                dataBANK3                           3D0      3D0       28         1
                bssBANK3                            300      300       D0         1

        CLASS   BANK4          
                bssBANK4                            400      400       F4         1

        CLASS   BANK5          
                bssBANK5                            500      500       28         1

        CLASS   BANK6          

        CLASS   BANK7          

        CLASS   BANK8          

        CLASS   BANK9          

        CLASS   BANK10         

        CLASS   BANK11         

        CLASS   BANK12         

        CLASS   BANK13         

        CLASS   BANK14         

        CLASS   BANK15         

        CLASS   SFR            

        CLASS   FARRAM         

        CLASS   CONFIG         
                config                           300000   300000        E         0

        CLASS   IDLOC          
                idloc                            200000   200000        8         0

        CLASS   EEDATA         



SEGMENTS        Name                           Load    Length   Top    Selector   Space  Class

                reset_vec                      000000  000004  000004         0       0  CODE    
                cstackCOMRAM                   000001  000055  000056         1       1  COMRAM  
                intcode                        000008  00A96A  00A972         4       0  CODE    
                cstackBANK0                    000060  00009C  0000FC        60       1  BANK0   
                bssBANK1                       000100  0000FB  0001FB       100       1  BANK1   
                bssBANK2                       000200  000100  000300       200       1  BANK2   
                bssBANK3                       000300  0000F8  0003F8       300       1  BANK3   
                bssBANK4                       000400  0000F4  0004F4       400       1  BANK4   
                bssBANK5                       000500  000028  000528       500       1  BANK5   
                bssBIGRAM                      000528  0003AE  0008D6       528       1  BIGRAM  
                stack                          0008D6  000662  000F38       8D6       2  STACK   
                mediumconst                    00FE06  0001FA  010000      7F03       0  MEDIUMCO
                idloc                          200000  000008  200008    200000       0  IDLOC   
                config                         300000  00000E  30000E    300000       0  CONFIG  


UNUSED ADDRESS RANGES

        Name                Unused          Largest block    Delta
        BANK0            0000FC-0000FF                4
        BANK1            0001FB-0001FF                5
        BANK10           000A00-000AFF              100
        BANK11           000B00-000BFF              100
        BANK12           000C00-000CFF              100
        BANK13           000D00-000DFF              100
        BANK14           000E00-000EFF              100
        BANK15           000F00-000F37               38
        BANK3            0003F8-0003FF                8
        BANK4            0004F4-0004FF                C
        BANK8            0008D6-0008FF               2A
        BANK9            000900-0009FF              100
        BIGRAM           000056-00005F                A
                         0000FC-0000FF                4
                         0001FB-0001FF                5
                         0003F8-0003FF                8
                         0004F4-0004FF                C
                         0008D6-000F37              662
        CODE             000004-000007                4
                         00A972-00FE05             5494
        COMRAM           000056-00005F                A
        CONST            000004-000007                4
                         00A972-00FE05             5494
        EEDATA           F00000-F003FF              400
        MEDIUMCONST      00A972-00FE05             5494
        RAM              0000FC-0000FF                4
                         0001FB-0001FF                5
                         0003F8-0003FF                8
                         0004F4-0004FF                C
                         0008D6-000F37              100
        SFR              000F38-000FFF               28
        SMALLCONST       00A972-00FE05              100

                                  Symbol Table

?_ADC_GetConversion                                 cstackBANK0  000060
?_ComputeMic                                        cstackBANK0  0000C8
?_ExecuteDevStatus                                  cstackBANK0  000060
?_ExecuteDutyCycle                                  cstackBANK0  000060
?_ExecuteLinkAdr                                    cstackBANK0  00006F
?_ExecuteLinkCheck                                  cstackBANK0  000060
?_ExecuteNewChannel                                 cstackBANK0  00009E
?_ExecuteRxParamSetupReq                            cstackBANK0  00009E
?_ExecuteRxTimingSetup                              cstackBANK0  000067
?_ExtractMic                                        cstackBANK0  00006B
?_GPIOAnalogRead                                    cstackBANK0  000068
?_GPIOAverageRead                                   cstackBANK0  00006D
?_GetRx1Freq                                        cstackBANK0  000060
?_LORAWAN_GetStatus                                 cstackBANK0  000060
?_LORAWAN_GetUplinkCounter                          cstackBANK0  000060
?_MacExecuteCommands                                cstackBANK0  0000A6
?_RADIO_ReadRandom                                  cstackBANK0  00006C
?_RADIO_ReceiveStart                                cstackBANK0  0000A9
?_RADIO_Transmit                                    cstackBANK0  0000A9
?_Random                                            cstackBANK0  0000A5
?_SwTimerReadValue                                  cstackBANK0  000089
?_SwTimersInterrupt                                 cstackBANK0  000078
?_TMR1_ReadTimer                                    cstackBANK0  000060
?_TMR_GetDeltaTime                                  cstackBANK0  000068
?_TMR_SwapTimer                                     cstackBANK0  000068
?___awdiv                                           cstackBANK0  000060
?___fladd                                           cstackBANK0  000074
?___fldiv                                           cstackBANK0  00009D
?___flmul                                           cstackBANK0  000084
?___flsub                                           cstackBANK0  000084
?___fltol                                           cstackBANK0  000060
?___lldiv                                           cstackBANK0  000060
?___llmod                                           cstackBANK0  000060
?___lmul                                            cstackBANK0  000092
?___ltdiv                                           cstackBANK0  000060
?___lwdiv                                           cstackBANK0  000060
?___lwmod                                           cstackBANK0  0000A0
?___wmul                                            cstackBANK0  000060
?___xxtofl                                          cstackBANK0  000060
?_averageMeasure                                    cstackBANK0  00006A
?_eval_poly                                         cstackBANK0  00009D
?_frexp                                             cstackBANK0  00006C
?_log                                               cstackBANK0  0000AD
?_rand                                              cstackBANK0  00009E
?_tempConversion                                    cstackBANK0  0000B6
?i2_SwTimersInterrupt                               cstackCOMRAM 000019
?i2_TMR1_ReadTimer                                  cstackCOMRAM 000001
?i2_TMR_GetDeltaTime                                cstackCOMRAM 000009
?i2_TMR_SwapTimer                                   cstackCOMRAM 000009
?i2___awdiv                                         cstackCOMRAM 000001
?i2___lwdiv                                         cstackCOMRAM 000001
?i2___lwmod                                         cstackCOMRAM 000001
ADC_GetConversion@channel                           cstackBANK0  000067
ADC_GetConversion@result                            cstackBANK0  000065
AESCmac@flag                                        cstackBANK1  0001D6
AESCmac@i                                           cstackBANK1  0001D9
AESCmac@input                                       cstackBANK0  0000BE
AESCmac@j                                           cstackBANK1  0001D8
AESCmac@k1                                          cstackBANK1  000184
AESCmac@k2                                          cstackBANK1  000174
AESCmac@key                                         cstackBANK0  0000BA
AESCmac@mLast                                       cstackBANK1  000194
AESCmac@n                                           cstackBANK1  0001D7
AESCmac@output                                      cstackBANK0  0000BC
AESCmac@padded                                      cstackBANK1  0001A4
AESCmac@ptr                                         cstackBANK1  0001D4
AESCmac@size                                        cstackBANK0  0000C0
AESCmac@x                                           cstackBANK1  0001C4
AESCmac@y                                           cstackBANK1  0001B4
AESEncode@aux                                       cstackBANK0  000079
AESEncode@aux1                                      cstackBANK0  00007B
AESEncode@aux2                                      cstackBANK0  00007A
AESEncode@aux3                                      cstackBANK0  00007C
AESEncode@block                                     cstackBANK0  000067
AESEncode@i                                         cstackBANK0  00007D
AESEncode@key                                       cstackBANK0  000069
AESEncodeLoRa@block                                 cstackBANK0  00007E
AESEncodeLoRa@key                                   cstackBANK0  000080
AESEncodeLoRa@useKey                                cstackBANK0  000082
AssembleEncryptionBlock@blockId                     cstackBANK0  00006F
AssembleEncryptionBlock@bufferIndex                 cstackBANK0  000073
AssembleEncryptionBlock@dir                         cstackBANK0  000072
AssembleEncryptionBlock@firstByte                   cstackBANK0  000070
AssembleEncryptionBlock@frameCounter                cstackBANK0  00006B
AssembleEncryptionBlock@multicastStatus             cstackBANK0  000071
AssemblePacket@buffer                               cstackBANK0  0000C9
AssemblePacket@bufferIndex                          cstackBANK0  0000D3
AssemblePacket@bufferLength                         cstackBANK0  0000CB
AssemblePacket@confirmed                            cstackBANK0  0000CF
AssemblePacket@fCtrl                                cstackBANK0  0000D1
AssemblePacket@macCmdIdx                            cstackBANK0  0000D2
AssemblePacket@mhdr                                 cstackBANK0  0000D0
AssemblePacket@port                                 cstackBANK0  0000C8
CheckFlags@hdr                                      cstackBANK0  000060
CheckMcastFlags@hdr                                 cstackBANK0  000060
ComputeMic@buffer                                   cstackBANK0  0000CA
ComputeMic@bufferLength                             cstackBANK0  0000CC
ComputeMic@key                                      cstackBANK0  0000C8
ComputeMic@mic                                      cstackBANK0  0000CD
ComputeSessionKeys@joinAcceptBuffer                 cstackBANK0  000092
ConfigureRadio@dataRate                             cstackBANK0  000072
ConfigureRadio@freq                                 cstackBANK0  00006E
ConfigureRadioRx@dataRate                           cstackBANK0  000077
ConfigureRadioRx@freq                               cstackBANK0  000073
ConfigureRadioTx@dataRate                           cstackBANK0  000077
ConfigureRadioTx@freq                               cstackBANK0  000073
ConfigureRadioTx@txPower                            cstackBANK0  000078
CountfOptsLength@i                                  cstackBANK0  000067
CountfOptsLength@macCommandLength                   cstackBANK0  000066
EUSART2_SetErrorHandler@interruptHandler            cstackBANK0  000060
EUSART2_SetFramingErrorHandler@interruptHandler     cstackBANK0  000060
EUSART2_SetOverrunErrorHandler@interruptHandler     cstackBANK0  000060
EnableChannels1@channelIndexMax                     cstackBANK0  000068
EnableChannels1@channelIndexMin                     cstackBANK0  000067
EnableChannels1@channelMask                         cstackBANK0  000064
EnableChannels1@channelMaskCntl                     cstackBANK0  000066
EnableChannels1@i                                   cstackBANK0  00006B
EnableChannels@channelMask                          cstackBANK0  00006C
EnableChannels@channelMaskCntl                      cstackBANK0  00006E
EncKeySchedule@key                                  cstackBANK0  000060
EncodeShiftRow@stateTable                           cstackBANK0  000060
EncodeShiftRow@temp                                 cstackBANK0  000062
EncryptFRMPayload@buffer                            cstackBANK0  000092
EncryptFRMPayload@bufferLength                      cstackBANK0  000094
EncryptFRMPayload@bufferToBeEncrypted               cstackBANK0  00009D
EncryptFRMPayload@dir                               cstackBANK0  000095
EncryptFRMPayload@frameCounter                      cstackBANK0  000096
EncryptFRMPayload@i                                 cstackBANK0  0000A6
EncryptFRMPayload@j                                 cstackBANK0  0000A7
EncryptFRMPayload@k                                 cstackBANK0  0000A5
EncryptFRMPayload@key                               cstackBANK0  00009A
EncryptFRMPayload@macBufferIndex                    cstackBANK0  00009C
EncryptFRMPayload@multicastStatus                   cstackBANK0  00009F
ExecuteDevStatus@ptr                                cstackBANK0  000060
ExecuteDutyCycle@maxDCycle                          cstackBANK0  000065
ExecuteDutyCycle@ptr                                cstackBANK0  000060
ExecuteLinkAdr@channelMask                          cstackBANK0  000072
ExecuteLinkAdr@dataRate                             cstackBANK0  000077
ExecuteLinkAdr@ptr                                  cstackBANK0  00006F
ExecuteLinkAdr@redundancy                           cstackBANK0  000075
ExecuteLinkAdr@txPower                              cstackBANK0  000074
ExecuteLinkCheck@ptr                                cstackBANK0  000060
ExecuteNewChannel@channelIndex                      cstackBANK0  0000A5
ExecuteNewChannel@drRange                           cstackBANK0  0000A0
ExecuteNewChannel@frequency                         cstackBANK0  0000A1
ExecuteNewChannel@ptr                               cstackBANK0  00009E
ExecuteRxParamSetupReq@dlSettings                   cstackBANK0  0000A4
ExecuteRxParamSetupReq@frequency                    cstackBANK0  0000A0
ExecuteRxParamSetupReq@ptr                          cstackBANK0  00009E
ExecuteRxTimingSetup@delay                          cstackBANK0  000069
ExecuteRxTimingSetup@ptr                            cstackBANK0  000067
ExtractMic@buffer                                   cstackBANK0  00006B
ExtractMic@bufferLength                             cstackBANK0  00006D
ExtractMic@mic                                      cstackBANK0  000071
FillSubKey@carry                                    cstackBANK0  000066
FillSubKey@i                                        cstackBANK0  000067
FillSubKey@key                                      cstackBANK0  000062
FillSubKey@size                                     cstackBANK0  000064
FillSubKey@source                                   cstackBANK0  000060
FindSmallestDataRate@dataRate                       cstackBANK0  000063
FindSmallestDataRate@found                          cstackBANK0  000061
FindSmallestDataRate@i                              cstackBANK0  000062
GPIOAnalogMode@GPIO                                 cstackBANK0  000061
GPIOAnalogMode@mode                                 cstackBANK0  000060
GPIOAnalogRead@GPIO                                 cstackBANK0  00006C
GPIOAnalogRead@result                               cstackBANK0  00006A
GPIOAverageRead@GPIO                                cstackBANK0  000072
GPIOAverageRead@finalValue                          cstackBANK0  000075
GPIOAverageRead@i                                   cstackBANK0  000073
GPIODigitalRead@GPIO                                cstackBANK0  000060
GPIODigitalToogle@GPIO                              cstackBANK0  000060
GPIODigitalWrite@GPIO                               cstackBANK0  000061
GPIODigitalWrite@digOut                             cstackBANK0  000060
GPIOSet@GPIO                                        cstackBANK0  000061
GPIOSet@mode                                        cstackBANK0  000060
GenerateSubkey@F5972                                dataBANK3    0003D0
GenerateSubkey@const_Rb                             cstackBANK0  000099
GenerateSubkey@i                                    cstackBANK0  0000B9
GenerateSubkey@k1                                   cstackBANK0  000094
GenerateSubkey@k2                                   cstackBANK0  000096
GenerateSubkey@key                                  cstackBANK0  000092
GenerateSubkey@l                                    cstackBANK0  0000A9
HALResetPinOutputValue@value                        cstackBANK0  000060
HALSPISend@data                                     cstackBANK0  000061
I2C@flag                                            bssCOMRAM    000040
INT1_SetInterruptHandler@InterruptHandler           cstackBANK0  000060
INT2_SetInterruptHandler@InterruptHandler           cstackBANK0  000060
INTERRUPT_GetDioStatus@a                            cstackBANK0  000060
IOCB4_SetInterruptHandler@InterruptHandler          cstackBANK0  000060
IncludeMacCommandsResponse@bIncludeInFopts          cstackBANK0  000064
IncludeMacCommandsResponse@bufferIndex              cstackBANK0  00006D
IncludeMacCommandsResponse@i                        cstackBANK0  00006C
IncludeMacCommandsResponse@macBuffer                cstackBANK0  000060
IncludeMacCommandsResponse@pBufferIndex             cstackBANK0  000062
InitDefault433Channels@i                            cstackBANK0  00006B
InitDefault868Channels@i                            cstackBANK0  00006B
LORAWAN_GetMaxPayloadSize@macCommandsLength         cstackBANK0  000069
LORAWAN_GetMaxPayloadSize@result                    cstackBANK0  00006A
LORAWAN_GetStatus@status                            cstackBANK0  000064
LORAWAN_Init@RxJoinResponse                         cstackBANK0  0000AC
LORAWAN_Init@RxPayload                              cstackBANK0  0000AA
LORAWAN_Join@activationTypeNew                      cstackBANK0  0000DC
LORAWAN_Join@bufferIndex                            cstackBANK0  0000DA
LORAWAN_Join@result                                 cstackBANK0  0000DB
LORAWAN_LinkCheckConfigure@iCtr                     cstackBANK0  0000A8
LORAWAN_LinkCheckConfigure@period                   cstackBANK0  00009E
LORAWAN_Reset@ismBandNew                            cstackBANK0  0000A9
LORAWAN_RxDone@buffer                               cstackBANK1  0001DA
LORAWAN_RxDone@bufferIndex                          cstackBANK0  0000E7
LORAWAN_RxDone@bufferLength                         cstackBANK1  0001DC
LORAWAN_RxDone@channelIndex                         cstackBANK0  0000E1
LORAWAN_RxDone@computedMic                          cstackBANK0  0000EB
LORAWAN_RxDone@extractedMic                         cstackBANK0  0000E3
LORAWAN_RxDone@fPort                                cstackBANK0  0000E0
LORAWAN_RxDone@frmPayloadLength                     cstackBANK0  0000F1
LORAWAN_RxDone@hdr                                  cstackBANK0  0000F2
LORAWAN_RxDone@joinAccept                           cstackBANK0  0000EF
LORAWAN_RxDone@mhdr                                 cstackBANK0  0000E2
LORAWAN_RxDone@packet                               cstackBANK0  0000E9
LORAWAN_RxDone@temp                                 cstackBANK0  0000E8
LORAWAN_RxTimeout@i                                 cstackBANK0  0000C2
LORAWAN_RxTimeout@minim                             cstackBANK0  0000BE
LORAWAN_Send@buffer                                 cstackBANK0  0000D5
LORAWAN_Send@bufferLength                           cstackBANK0  0000D7
LORAWAN_Send@confirmed                              cstackBANK0  0000D9
LORAWAN_Send@port                                   cstackBANK0  0000D4
LORAWAN_Send@result                                 cstackBANK0  0000DA
LORAWAN_SetApplicationEui@applicationEuiNew         cstackBANK0  00006B
LORAWAN_SetApplicationKey@applicationKeyNew         cstackBANK0  00006B
LORAWAN_SetChannelIdStatus@channelId                cstackBANK0  000066
LORAWAN_SetChannelIdStatus@statusNew                cstackBANK0  000064
LORAWAN_SetDeviceEui@deviceEuiNew                   cstackBANK0  00006B
LORAWAN_SetUplinkCounter@ctr                        cstackBANK0  000060
LORAWAN_TxDone@delta                                cstackBANK0  0000C6
LORAWAN_TxDone@found                                cstackBANK0  0000C5
LORAWAN_TxDone@i                                    cstackBANK0  0000D6
LORAWAN_TxDone@minim                                cstackBANK0  0000D2
LORAWAN_TxDone@ticks                                cstackBANK0  0000CE
LORAWAN_TxDone@timeOnAir                            cstackBANK0  0000B3
MacExecuteCommands@buffer                           cstackBANK0  0000A6
MacExecuteCommands@done                             cstackBANK0  0000AB
MacExecuteCommands@fOptsLen                         cstackBANK0  0000A8
MacExecuteCommands@ptr                              cstackBANK0  0000AC
PrepareJoinRequestFrame@bufferIndex                 cstackBANK0  0000D9
PrepareJoinRequestFrame@iCtr                        cstackBANK0  0000D8
PrepareJoinRequestFrame@mhdr                        cstackBANK0  0000D7
PrepareJoinRequestFrame@mic                         cstackBANK0  0000D3
PrepareSessionKeys@appNonce                         cstackBANK0  00006D
PrepareSessionKeys@index                            cstackBANK0  000071
PrepareSessionKeys@networkId                        cstackBANK0  00006F
PrepareSessionKeys@sessionKey                       cstackBANK0  00006B
RADIO_DIO0@dioMapping                               cstackBANK0  0000F8
RADIO_DIO0@opMode                                   cstackBANK0  0000F9
RADIO_DIO1@dioMapping                               cstackBANK0  0000C4
RADIO_DIO2@dioMapping                               cstackBANK0  00007C
RADIO_FSKPacketSent@irqFlags                        cstackBANK0  0000DF
RADIO_FSKPacketSent@timeOnAir                       cstackBANK0  0000D7
RADIO_FSKPayloadReady@i                             cstackBANK0  0000F5
[...]
		_LORAWAN_Join  		CODE           	7E5A	0000	165
		_ConfigureRadioRx		CODE           	A152	0000	43
		_UpdateReceiveDelays		CODE           	99C8	0000	67
		_ComputeSessionKeys		CODE           	84A8	0000	135
		_LORAWAN_LinkCheckCallback		CODE           	4F9E	0000	365
		_UpdateJoinSuccessState		CODE           	5A4E	0000	319
		_LORAWAN_EnterContinuousReceive		CODE           	8830	0000	123
		_ExecuteLinkCheck		CODE           	9D52	0000	51
		_LORAWAN_Mainloop		CODE           	9B4E	0000	63
		_AssemblePacket		CODE           	17D0	0000	907
		_UpdateRetransmissionAckTimeoutState		CODE           	8B7C	0000	115
		_Random        		CODE           	A36C	0000	35
		_LORAWAN_RxDone		CODE           	00AC	0000	2861
		_UpdateJoinInProgress		CODE           	A646	0000	27

mcc_generated_files/LoRaWAN/lorawan.c estimated size: 10735

C:\Program Files (x86)\Microchip\xc8\v2.05\pic\sources\c90\common\sprcadd.c
		___flsub       		CODE           	9798	0000	73
		___fladd       		CODE           	2B9A	0000	783

C:\Program Files (x86)\Microchip\xc8\v2.05\pic\sources\c90\common\sprcadd.c estimated size: 856

C:\Program Files (x86)\Microchip\xc8\v2.05\pic\sources\c90\common\llmod.c
		___llmod       		CODE           	8E6A	0000	105

C:\Program Files (x86)\Microchip\xc8\v2.05\pic\sources\c90\common\llmod.c estimated size: 105

mcc_generated_files/LoRaWAN/interrupt_manager_lora_addons.c
		_INTERRUPT_GetDioStatus		CODE           	A6FE	0000	19
		_DIO0_ISR_Lora 		CODE           	A95A	0000	5
		_DIO1_ISR_Lora 		CODE           	A956	0000	5
		_DIO2_ISR_Lora 		CODE           	A952	0000	5

mcc_generated_files/LoRaWAN/interrupt_manager_lora_addons.c estimated size: 34

mcc_generated_files/LoRaWAN/lorawan_aes.c
		_AESEncodeLoRa 		CODE           	9CB4	0000	55

mcc_generated_files/LoRaWAN/lorawan_aes.c estimated size: 55

C:\Program Files (x86)\Microchip\xc8\v2.05\pic\sources\c90\common\log.c
		_log           		CODE           	4C90	0000	403

C:\Program Files (x86)\Microchip\xc8\v2.05\pic\sources\c90\common\log.c estimated size: 403

mcc_generated_files/eusart2.c
		_EUSART2_SetOverrunErrorHandler		CODE           	A86C	0000	11
		_EUSART2_SetErrorHandler		CODE           	A880	0000	11
		_EUSART2_Initialize		CODE           	98B4	0000	71
		_EUSART2_SetFramingErrorHandler		CODE           	A876	0000	11

mcc_generated_files/eusart2.c estimated size: 104

C:\Program Files (x86)\Microchip\xc8\v2.05\pic\sources\c90\common\frexp.c
		_frexp         		CODE           	7CF2	0000	183

C:\Program Files (x86)\Microchip\xc8\v2.05\pic\sources\c90\common\frexp.c estimated size: 183

mcc_generated_files/LoRaWAN/sw_timer.c
		_SwClearAllTimers		CODE           	9DE6	0000	49
		_SwTimerStop   		CODE           	A430	0000	33
		_SwTimerStart  		CODE           	816C	0000	143
		_TMR_GetDeltaTime		CODE           	628C	0000	285
		_SwTimerReadValue		CODE           	9A8E	0000	65
		_SwTimerIsRunning		CODE           	A306	0000	35
		_SwTimerCreate 		CODE           	8B04	0000	121
		_TMR_OverrideRemaining		CODE           	86BA	0000	131
		_TMR_SwapTimer 		CODE           	9A0A	0000	67
		_SwTimerSetCallback		CODE           	9D1E	0000	53
		_SwTimerSetTimeout		CODE           	9984	0000	69
		_SwTimersInterrupt		CODE           	69DC	0000	255
		_SystemBlockingWaitMs		CODE           	9ED6	0000	49
		_SwTimersExecute		CODE           	793C	0000	195
		_SystemTimerInit		CODE           	A8EE	0000	9

mcc_generated_files/LoRaWAN/sw_timer.c estimated size: 1559

mcc_generated_files/interrupt_manager.c
		_INTERRUPT_Initialize		CODE           	A93E	0000	5
		_INTERRUPT_InterruptManager		CODE           	0008	0000	157

mcc_generated_files/interrupt_manager.c estimated size: 162

C:\Program Files (x86)\Microchip\xc8\v2.05\pic\sources\c90\common\memcpy.c
		_memcpy        		CODE           	905E	0000	97

C:\Program Files (x86)\Microchip\xc8\v2.05\pic\sources\c90\common\memcpy.c estimated size: 97

tmrAPP.c
		_timerHandler  		CODE           	5F2A	0000	295
		_timerReset    		CODE           	A0A4	0000	45
		_timerTick     		CODE           	A8F6	0000	9

tmrAPP.c estimated size: 349

acuadori.c
		_sendValue     		CODE           	8F38	0000	99
		_acuadoriApp   		CODE           	220A	0000	819
		_tempConversion		CODE           	286E	0000	813
		_leafSensAcquisition		CODE           	A248	0000	41
		_impedenceAcquisition		CODE           	9C7E	0000	55
		_averageMeasure		CODE           	839A	0000	137
		_lightSensAcquisition		CODE           	9668	0000	79
		_sinGenStart   		CODE           	5B8C	0000	315
		_pointAddition 		CODE           	97E0	0000	73
		_tempSensAcquisition		CODE           	90BE	0000	95

acuadori.c estimated size: 2526

I2C.c
		_i2c_usdelay   		CODE           	A2E2	0000	37
		_resetSDA      		CODE           	A7C2	0000	15
		_setSDA        		CODE           	A7B4	0000	15
		_i2c_sdaWrite  		CODE           	917A	0000	93
		_i2c_stop      		CODE           	9E46	0000	49
		_i2c_waitACK   		CODE           	A62C	0000	27
		_i2c_sendData  		CODE           	9E76	0000	49

I2C.c estimated size: 285

mcc_generated_files/pin_manager.c
		_IOCB4_DefaultInterruptHandler		CODE           	A96C	0000	3
		_PIN_MANAGER_Initialize		CODE           	93DC	0000	85
		_PIN_MANAGER_IOC		CODE           	A8E4	0000	11
		_IOCB4_SetInterruptHandler		CODE           	A84E	0000	11
		_IOCB4_ISR     		CODE           	A4B0	0000	33

mcc_generated_files/pin_manager.c estimated size: 143

C:\Program Files (x86)\Microchip\xc8\v2.05\pic\sources\c90\common\lwdiv.c
		___lwdiv       		CODE           	9388	0000	85

C:\Program Files (x86)\Microchip\xc8\v2.05\pic\sources\c90\common\lwdiv.c estimated size: 85

C:\Program Files (x86)\Microchip\xc8\v2.05\pic\sources\c90\common\fltol.c
		___fltol       		CODE           	7B7E	0000	189

C:\Program Files (x86)\Microchip\xc8\v2.05\pic\sources\c90\common\fltol.c estimated size: 189

C:\Program Files (x86)\Microchip\xc8\v2.05\pic\sources\c90\common\Umul16.c
		___wmul        		CODE           	A220	0000	41

C:\Program Files (x86)\Microchip\xc8\v2.05\pic\sources\c90\common\Umul16.c estimated size: 41

C:\Program Files (x86)\Microchip\xc8\v2.05\pic\sources\c90\common\lbmod.c
		___lbmod       		CODE           	A1A6	0000	43

C:\Program Files (x86)\Microchip\xc8\v2.05\pic\sources\c90\common\lbmod.c estimated size: 43

mcc_generated_files/adc.c
		_ADC_Initialize		CODE           	A6AA	0000	25
		_ADC_GetConversion		CODE           	9334	0000	85
		_ADC_ISR       		CODE           	A95E	0000	5

mcc_generated_files/adc.c estimated size: 115

C:\Program Files (x86)\Microchip\xc8\v2.05\pic\sources\c90\common\strncat.c
		_strncat       		CODE           	852E	0000	133

C:\Program Files (x86)\Microchip\xc8\v2.05\pic\sources\c90\common\strncat.c estimated size: 133

C:\Program Files (x86)\Microchip\xc8\v2.05\pic\sources\c90\common\evalpoly.c
		_eval_poly     		CODE           	6ADA	0000	253

C:\Program Files (x86)\Microchip\xc8\v2.05\pic\sources\c90\common\evalpoly.c estimated size: 253

mcc_generated_files/LoRaWAN/lorawan_init.c
		_DIO0_ISR_Lora_Init		CODE           	A786	0000	17
		_DIO1_ISR_Lora_Init		CODE           	A776	0000	17
		_DIO2_ISR_Lora_Init		CODE           	A766	0000	17
		_DIO3_ISR_Lora_Init		CODE           	A968	0000	3
		_DIO4_ISR_Lora_Init		CODE           	A966	0000	3
		_LORAWAN_PlatformInit		CODE           	A34A	0000	35
		_DIO5_ISR_Lora_Init		CODE           	A964	0000	3

mcc_generated_files/LoRaWAN/lorawan_init.c estimated size: 95

mcc_generated_files/LoRaWAN/radio_driver_hal.c
		_HALDIO5PinValue		CODE           	A806	0000	13
		_HALResetPinMakeInput		CODE           	A94E	0000	5
		_HALResetPinMakeOutput		CODE           	A94A	0000	5
		_HALResetPinOutputValue		CODE           	A660	0000	27
		_HALSPISend    		CODE           	A7EC	0000	15
		_HALSPICSDeassert		CODE           	A942	0000	5
		_HALSPICSAssert		CODE           	A946	0000	5

mcc_generated_files/LoRaWAN/radio_driver_hal.c estimated size: 75

mcc_generated_files/LoRaWAN/lorawan_aes_cmac.c
		_GenerateSubkey		CODE           	5E00	0000	299
		_AESCmac       		CODE           	1B5A	0000	861
		_FillSubKey    		CODE           	9430	0000	83

mcc_generated_files/LoRaWAN/lorawan_aes_cmac.c estimated size: 1243

C:\Program Files (x86)\Microchip\xc8\v2.05\pic\sources\c90\common\ltdiv.c
		___ltdiv       		CODE           	8C5A	0000	109

C:\Program Files (x86)\Microchip\xc8\v2.05\pic\sources\c90\common\ltdiv.c estimated size: 109

mcc_generated_files/LoRaWAN/radio_driver_SX1276.c
		_RADIO_ReceiveStart		CODE           	3CD4	0000	561
		_RADIO_Init    		CODE           	4AC6	0000	459
		_RADIO_SetSpreadingFactor		CODE           	A8A8	0000	11
		_RADIO_WriteConfiguration		CODE           	12D6	0000	1275
		_RADIO_RxFSKTimeout		CODE           	9BCA	0000	61
		_RADIO_WriteFSKBitRate		CODE           	8E02	0000	105
		_RADIO_WriteMode		CODE           	6BD6	0000	253
		_RADIO_Reset   		CODE           	98FA	0000	71
		_RADIO_GetStatus		CODE           	A914	0000	7
		_RADIO_RxDone  		CODE           	737A	0000	229
		_RADIO_WriteFSKFrequencyDeviation		CODE           	8D30	0000	107
		_RADIO_GetPacketSnr		CODE           	A90E	0000	7
		_RADIO_SetModulation		CODE           	A8B2	0000	11
		_RADIO_RegisterWrite		CODE           	A410	0000	33
		_RADIO_ReadRandom		CODE           	7EFE	0000	161
		_RADIO_ReleaseData		CODE           	A91A	0000	7
		_RADIO_FSKPacketSent		CODE           	65CA	0000	269
		_RADIO_RegisterRead		CODE           	A270	0000	41
		_RADIO_SetBandwidth		CODE           	A8C6	0000	11
		_RADIO_ReceiveStop		CODE           	A3F0	0000	33
		_RADIO_DIO0    		CODE           	8286	0000	139
		_RADIO_DIO1    		CODE           	96B6	0000	77
		_RADIO_DIO2    		CODE           	9578	0000	81
		_RADIO_DIO3    		CODE           	A584	0000	29
		_RADIO_DIO4    		CODE           	A568	0000	29
		_RADIO_DIO5    		CODE           	A54C	0000	29
		_RADIO_FHSSChangeChannel		CODE           	9C06	0000	61
		_RADIO_TxDone  		CODE           	66D6	0000	261
		_RADIO_SetFrequencyHopPeriod		CODE           	A8BC	0000	11
		_RADIO_FSKPayloadReady		CODE           	7DA8	0000	179
		_RADIO_SetLoRaSyncWord		CODE           	A8D0	0000	11
		_RADIO_SetIQInverted		CODE           	A894	0000	11
		_RADIO_SetFSKSyncWord		CODE           	9EA6	0000	49
		_RADIO_RxTimeout		CODE           	9F06	0000	47
		_RADIO_WritePower		CODE           	71A4	0000	239
		_RADIO_SetOutputPower		CODE           	A88A	0000	11
		_RADIO_WatchdogTimeout		CODE           	9828	0000	71
		_RADIO_SetChannelFrequency		CODE           	8310	0000	139
		_RADIO_Transmit		CODE           	3F04	0000	549
		_RADIO_UnhandledInterrupt		CODE           	9E16	0000	49
		_RADIO_SetCRC  		CODE           	A89E	0000	11
		_RADIO_WriteFrequency		CODE           	70B4	0000	241

mcc_generated_files/LoRaWAN/radio_driver_SX1276.c estimated size: 6036

mcc_generated_files/ext_int.c
		_INT1_SetInterruptHandler		CODE           	A862	0000	11
		_EXT_INT_Initialize		CODE           	A17C	0000	43
		_INT2_SetInterruptHandler		CODE           	A858	0000	11
		_INT1_DefaultInterruptHandler		CODE           	A970	0000	3
		_INT1_CallBack 		CODE           	A4F0	0000	33
		_INT2_DefaultInterruptHandler		CODE           	A96E	0000	3
		_INT2_CallBack 		CODE           	A4D0	0000	33
		_INT1_ISR      		CODE           	A906	0000	9
		_INT2_ISR      		CODE           	A8FE	0000	9

mcc_generated_files/ext_int.c estimated size: 155

C:\Program Files (x86)\Microchip\xc8\v2.05\pic\sources\c90\common\awdiv.c
		___awdiv       		CODE           	8422	0000	135

C:\Program Files (x86)\Microchip\xc8\v2.05\pic\sources\c90\common\awdiv.c estimated size: 135

mcc_generated_files/LoRaWAN/tmr_lora_addons.c
		_TMR_ISR_Lora_Init		CODE           	A756	0000	17
		_TMR_ISR_lora  		CODE           	928A	0000	87

mcc_generated_files/LoRaWAN/tmr_lora_addons.c estimated size: 104

mcc_generated_files/tmr5.c
		_TMR5_ISR      		CODE           	A048	0000	47
		_TMR5_Initialize		CODE           	9D84	0000	51
		_TMR5_InterruptTicker		CODE           	A8DA	0000	11
		_TMR5_SetInterruptHandler		CODE           	A830	0000	11
		_TMR5_StopTimer		CODE           	A920	0000	7
		_TMR5_WriteTimer		CODE           	A52E	0000	31
		_TMR5_StartTimer		CODE           	A926	0000	7

mcc_generated_files/tmr5.c estimated size: 165

shared
		_spreadingFactor		MEDIUMCONST    	FF35	0000	8
		_maxPayloadSize		MEDIUMCONST    	FF17	0000	9
		i2___lwdiv     		CODE           	9526	0000	83
		_DefaultChannels433		MEDIUMCONST    	FF80	0000	43
		_FskSyncWordBuff		MEDIUMCONST    	FFF2	0000	4
		i2___awdiv     		CODE           	8636	0000	133
		_rxWindowSize  		MEDIUMCONST    	FF1F	0000	9
		i2_TMR_SwapTimer		CODE           	9B0E	0000	65
		i2_TMR1_ReadTimer		CODE           	A490	0000	33
		_DefaultChannels868		MEDIUMCONST    	FF48	0000	57
		i2___lwmod     		CODE           	9A4C	0000	67
		_macEndDevCmdReplyLen		MEDIUMCONST    	FF27	0000	8
		__initialization		CODE           	787A	0000	189
		_txPower433    		MEDIUMCONST    	0000	0000	0
		_txPower868    		MEDIUMCONST    	FF42	0000	7
		i2_TMR1_WriteTimer		CODE           	A610	0000	29
		_rxWindowOffset		MEDIUMCONST    	FF0F	0000	9
		_STable        		MEDIUMCONST    	FE07	0000	257
		_modulation    		MEDIUMCONST    	FF07	0000	9
		log@coeff      		MEDIUMCONST    	FFAA	0000	37
		i2_SwTimersInterrupt		CODE           	6ECA	0000	249
		_bandwidth     		MEDIUMCONST    	FF2E	0000	8
		sin@coeff_a    		MEDIUMCONST    	FFCE	0000	21
		sin@coeff_b    		MEDIUMCONST    	FFE2	0000	17
		i2_TMR_GetDeltaTime		CODE           	68DC	0000	257

shared estimated size: 1608

C:\Program Files (x86)\Microchip\xc8\v2.05\pic\sources\c90\common\sprcmul.c
		___flmul       		CODE           	1EB6	0000	853

C:\Program Files (x86)\Microchip\xc8\v2.05\pic\sources\c90\common\sprcmul.c estimated size: 853

mcc_generated_files/LoRaWAN/lorawan_eu.c
		_ExecuteNewChannel		CODE           	4544	0000	493
		_ExecuteLinkAdr		CODE           	48FC	0000	459
		_UpdateDataRange		CODE           	64BC	0000	271
		_UpdateDutyCycle		CODE           	9CEA	0000	53
		_ValidateChannelMaskCntl		CODE           	A3D0	0000	33
		_LORAWAN_RxTimeout		CODE           	31AE	0000	769
		_ValidateChannelId		CODE           	A2BE	0000	37
		_InitDefault433Channels		CODE           	8A8C	0000	121
		_DutyCycleCallback		CODE           	2EA8	0000	775
		_InitDefault868Channels		CODE           	8A14	0000	121
		_SelectChannelForTransmission		CODE           	8D9A	0000	105
		_ValidateChannelMask		CODE           	974E	0000	75
		_ValidateDataRate		CODE           	A692	0000	25
		_ValidateRxOffset		CODE           	A67A	0000	25
		_ValidateDataRange		CODE           	986E	0000	71
		_SetCallbackSoftwareTimers		CODE           	745E	0000	223
		_StartReTxTimer		CODE           	5528	0000	339
		_SearchAvailableChannel		CODE           	67DA	0000	259
		_EnableChannels		CODE           	A5D8	0000	29
		_UpdateFrequency		CODE           	9C42	0000	61
		_ValidateFrequency		CODE           	8BEE	0000	109
		_EnableChannels1		CODE           	8CC6	0000	107
		_ExecuteRxParamSetupReq		CODE           	53CC	0000	349
		_UpdateDLSettings		CODE           	A5A0	0000	29
		_GetRx1Freq    		CODE           	A6EC	0000	19
		_ValidateTxPower		CODE           	A128	0000	43
		_LORAWAN_Init  		CODE           	8FFC	0000	99
		_ConfigureRadioTx		CODE           	9702	0000	77
		_LORAWAN_Reset 		CODE           	4730	0000	461
		_ExecuteDutyCycle		CODE           	92E0	0000	85
		_UpdateCfList  		CODE           	4128	0000	533
		_LORAWAN_SetChannelIdStatus		CODE           	9B8C	0000	63
		_StopAllSoftwareTimers		CODE           	9482	0000	83
		_UpdateChannelIdStatus		CODE           	616E	0000	287
		_ConfigureRadio		CODE           	803A	0000	155
		_LORAWAN_TxDone		CODE           	0BD8	0000	1791
		_ExecuteDevStatus		CODE           	A826	0000	11
		_CreateAllSoftwareTimers		CODE           	94D4	0000	83

mcc_generated_files/LoRaWAN/lorawan_eu.c estimated size: 8728

C:\Program Files (x86)\Microchip\xc8\v2.05\pic\sources\c90\common\Umul32.c
		___lmul        		CODE           	9232	0000	89

C:\Program Files (x86)\Microchip\xc8\v2.05\pic\sources\c90\common\Umul32.c estimated size: 89

mcc_generated_files/mcc.c
		_OSCILLATOR_Initialize		CODE           	A7DE	0000	15
		_SYSTEM_Initialize		CODE           	9F34	0000	47

mcc_generated_files/mcc.c estimated size: 62

mcc_generated_files/tmr3.c
		_TMR3_ISR      		CODE           	A076	0000	47
		_TMR3ISRClock  		CODE           	A92C	0000	7
		_TMR3_Initialize		CODE           	A0FC	0000	45
		_TMR3_SetInterruptHandler		CODE           	A83A	0000	11
		_TMR3_StopTimer		CODE           	A936	0000	5
		_TMR3_WriteTimer		CODE           	A5F4	0000	29
		_TMR3_StartTimer		CODE           	A93A	0000	5

mcc_generated_files/tmr3.c estimated size: 149

C:\Program Files (x86)\Microchip\xc8\v2.05\pic\sources\c90\common\sprcdiv.c
		___fldiv       		CODE           	3A4A	0000	651

C:\Program Files (x86)\Microchip\xc8\v2.05\pic\sources\c90\common\sprcdiv.c estimated size: 651

mcc_generated_files/tmr1.c
		_TMR1_Initialize		CODE           	9F62	0000	47
		_TMR1_SetInterruptHandler		CODE           	A844	0000	11
		_TMR1_DefaultInterruptHandler		CODE           	A96A	0000	3
		_TMR1_CallBack 		CODE           	A470	0000	33
		_TMR1_WriteTimer		CODE           	A450	0000	33
		_TMR1_ReadTimer		CODE           	A38E	0000	35
		_TMR1_ISR      		CODE           	A6D8	0000	21

mcc_generated_files/tmr1.c estimated size: 183

C:\Program Files (x86)\Microchip\xc8\v2.05\pic\sources\c90\common\xxtofl.c
		___xxtofl      		CODE           	57CA	0000	325

C:\Program Files (x86)\Microchip\xc8\v2.05\pic\sources\c90\common\xxtofl.c estimated size: 325

mcc_generated_files/LoRaWAN/AES.c
		_AESEncode     		CODE           	34AE	0000	769
		_EncKeySchedule		CODE           	37AE	0000	669
		_EncodeShiftRow		CODE           	510A	0000	357

mcc_generated_files/LoRaWAN/AES.c estimated size: 1795

mcc_generated_files/spi2.c
		_SPI2_Exchange8bit		CODE           	A734	0000	19
		_SPI2_Initialize		CODE           	A7D0	0000	15

mcc_generated_files/spi2.c estimated size: 34

C:\Program Files (x86)\Microchip\xc8\v2.05\pic\sources\c90\common\rand.c
		_srand         		CODE           	A796	0000	17
		_rand          		CODE           	91D6	0000	93

C:\Program Files (x86)\Microchip\xc8\v2.05\pic\sources\c90\common\rand.c estimated size: 110

C:\Program Files (x86)\Microchip\xc8\v2.05\pic\sources\c90\common\memset.c
		_memset        		CODE           	A01A	0000	47

C:\Program Files (x86)\Microchip\xc8\v2.05\pic\sources\c90\common\memset.c estimated size: 47

C:\Program Files (x86)\Microchip\xc8\v2.05\pic\sources\c90\common\__lldiv.c
		___lldiv       		CODE           	85B2	0000	133

C:\Program Files (x86)\Microchip\xc8\v2.05\pic\sources\c90\common\__lldiv.c estimated size: 133

main.c
		_RxData        		CODE           	A962	0000	3
		_main          		CODE           	7292	0000	233
		_RxJoinResponse		CODE           	A5BC	0000	29

main.c estimated size: 265

rn2483APP.c
		_GPIOInit      		CODE           	5CC6	0000	315
		_GPIOAverageRead		CODE           	88AA	0000	123
		_GPIODigitalWrite		CODE           	6DCE	0000	253
		_GPIOSet       		CODE           	6CD2	0000	253
		_uint16ToString		CODE           	590E	0000	321
		_rn2483_delaysec		CODE           	9ACE	0000	65
		_GPIODigitalToogle		CODE           	7F9E	0000	157
		_adaptString   		CODE           	899C	0000	121
		_GPIOAnalogRead		CODE           	A510	0000	31
		_GPIOAnalogMode		CODE           	63A8	0000	277
		_acquisitionData		CODE           	A328	0000	35
		_GPIODigitalRead		CODE           	7AC0	0000	191
		_isJoined      		CODE           	A3B0	0000	33

rn2483APP.c estimated size: 2175

C:\Program Files (x86)\Microchip\xc8\v2.05\pic\sources\c90\common\fleq.c
		___fleq        		CODE           	81FA	0000	141

C:\Program Files (x86)\Microchip\xc8\v2.05\pic\sources\c90\common\fleq.c estimated size: 141

C:\Program Files (x86)\Microchip\xc8\v2.05\pic\sources\c90\common\lwmod.c
		___lwmod       		CODE           	9940	0000	69

C:\Program Files (x86)\Microchip\xc8\v2.05\pic\sources\c90\common\lwmod.c estimated size: 69

C:\Program Files (x86)\Microchip\xc8\v2.05\pic\sources\c90\common\abdiv.c
		___abdiv       		CODE           	8ED2	0000	103

C:\Program Files (x86)\Microchip\xc8\v2.05\pic\sources\c90\common\abdiv.c estimated size: 103

